Archive member included to satisfy reference by file (symbol)

C:/ST/STM32CubeIDE_1.19.0/STM32CubeIDE/plugins/com.st.stm32cube.ide.mcu.externaltools.gnu-tools-for-stm32.13.3.rel1.win32_1.0.0.202411081344/tools/bin/../lib/gcc/arm-none-eabi/13.3.1/../../../../arm-none-eabi/lib/thumb/v7e-m+fp/hard\libc_nano.a(libc_a-exit.o)
                              C:/ST/STM32CubeIDE_1.19.0/STM32CubeIDE/plugins/com.st.stm32cube.ide.mcu.externaltools.gnu-tools-for-stm32.13.3.rel1.win32_1.0.0.202411081344/tools/bin/../lib/gcc/arm-none-eabi/13.3.1/../../../../arm-none-eabi/lib/thumb/v7e-m+fp/hard/crt0.o (exit)
C:/ST/STM32CubeIDE_1.19.0/STM32CubeIDE/plugins/com.st.stm32cube.ide.mcu.externaltools.gnu-tools-for-stm32.13.3.rel1.win32_1.0.0.202411081344/tools/bin/../lib/gcc/arm-none-eabi/13.3.1/../../../../arm-none-eabi/lib/thumb/v7e-m+fp/hard\libc_nano.a(libc_a-findfp.o)
                              C:/ST/STM32CubeIDE_1.19.0/STM32CubeIDE/plugins/com.st.stm32cube.ide.mcu.externaltools.gnu-tools-for-stm32.13.3.rel1.win32_1.0.0.202411081344/tools/bin/../lib/gcc/arm-none-eabi/13.3.1/../../../../arm-none-eabi/lib/thumb/v7e-m+fp/hard\libc_nano.a(libc_a-exit.o) (__stdio_exit_handler)
C:/ST/STM32CubeIDE_1.19.0/STM32CubeIDE/plugins/com.st.stm32cube.ide.mcu.externaltools.gnu-tools-for-stm32.13.3.rel1.win32_1.0.0.202411081344/tools/bin/../lib/gcc/arm-none-eabi/13.3.1/../../../../arm-none-eabi/lib/thumb/v7e-m+fp/hard\libc_nano.a(libc_a-fwalk.o)
                              C:/ST/STM32CubeIDE_1.19.0/STM32CubeIDE/plugins/com.st.stm32cube.ide.mcu.externaltools.gnu-tools-for-stm32.13.3.rel1.win32_1.0.0.202411081344/tools/bin/../lib/gcc/arm-none-eabi/13.3.1/../../../../arm-none-eabi/lib/thumb/v7e-m+fp/hard\libc_nano.a(libc_a-findfp.o) (_fwalk_sglue)
C:/ST/STM32CubeIDE_1.19.0/STM32CubeIDE/plugins/com.st.stm32cube.ide.mcu.externaltools.gnu-tools-for-stm32.13.3.rel1.win32_1.0.0.202411081344/tools/bin/../lib/gcc/arm-none-eabi/13.3.1/../../../../arm-none-eabi/lib/thumb/v7e-m+fp/hard\libc_nano.a(libc_a-stdio.o)
                              C:/ST/STM32CubeIDE_1.19.0/STM32CubeIDE/plugins/com.st.stm32cube.ide.mcu.externaltools.gnu-tools-for-stm32.13.3.rel1.win32_1.0.0.202411081344/tools/bin/../lib/gcc/arm-none-eabi/13.3.1/../../../../arm-none-eabi/lib/thumb/v7e-m+fp/hard\libc_nano.a(libc_a-findfp.o) (__sread)
C:/ST/STM32CubeIDE_1.19.0/STM32CubeIDE/plugins/com.st.stm32cube.ide.mcu.externaltools.gnu-tools-for-stm32.13.3.rel1.win32_1.0.0.202411081344/tools/bin/../lib/gcc/arm-none-eabi/13.3.1/../../../../arm-none-eabi/lib/thumb/v7e-m+fp/hard\libc_nano.a(libc_a-memset.o)
                              C:/ST/STM32CubeIDE_1.19.0/STM32CubeIDE/plugins/com.st.stm32cube.ide.mcu.externaltools.gnu-tools-for-stm32.13.3.rel1.win32_1.0.0.202411081344/tools/bin/../lib/gcc/arm-none-eabi/13.3.1/../../../../arm-none-eabi/lib/thumb/v7e-m+fp/hard/crt0.o (memset)
C:/ST/STM32CubeIDE_1.19.0/STM32CubeIDE/plugins/com.st.stm32cube.ide.mcu.externaltools.gnu-tools-for-stm32.13.3.rel1.win32_1.0.0.202411081344/tools/bin/../lib/gcc/arm-none-eabi/13.3.1/../../../../arm-none-eabi/lib/thumb/v7e-m+fp/hard\libc_nano.a(libc_a-closer.o)
                              C:/ST/STM32CubeIDE_1.19.0/STM32CubeIDE/plugins/com.st.stm32cube.ide.mcu.externaltools.gnu-tools-for-stm32.13.3.rel1.win32_1.0.0.202411081344/tools/bin/../lib/gcc/arm-none-eabi/13.3.1/../../../../arm-none-eabi/lib/thumb/v7e-m+fp/hard\libc_nano.a(libc_a-stdio.o) (_close_r)
C:/ST/STM32CubeIDE_1.19.0/STM32CubeIDE/plugins/com.st.stm32cube.ide.mcu.externaltools.gnu-tools-for-stm32.13.3.rel1.win32_1.0.0.202411081344/tools/bin/../lib/gcc/arm-none-eabi/13.3.1/../../../../arm-none-eabi/lib/thumb/v7e-m+fp/hard\libc_nano.a(libc_a-reent.o)
                              C:/ST/STM32CubeIDE_1.19.0/STM32CubeIDE/plugins/com.st.stm32cube.ide.mcu.externaltools.gnu-tools-for-stm32.13.3.rel1.win32_1.0.0.202411081344/tools/bin/../lib/gcc/arm-none-eabi/13.3.1/../../../../arm-none-eabi/lib/thumb/v7e-m+fp/hard\libc_nano.a(libc_a-closer.o) (errno)
C:/ST/STM32CubeIDE_1.19.0/STM32CubeIDE/plugins/com.st.stm32cube.ide.mcu.externaltools.gnu-tools-for-stm32.13.3.rel1.win32_1.0.0.202411081344/tools/bin/../lib/gcc/arm-none-eabi/13.3.1/../../../../arm-none-eabi/lib/thumb/v7e-m+fp/hard\libc_nano.a(libc_a-impure.o)
                              C:/ST/STM32CubeIDE_1.19.0/STM32CubeIDE/plugins/com.st.stm32cube.ide.mcu.externaltools.gnu-tools-for-stm32.13.3.rel1.win32_1.0.0.202411081344/tools/bin/../lib/gcc/arm-none-eabi/13.3.1/../../../../arm-none-eabi/lib/thumb/v7e-m+fp/hard\libc_nano.a(libc_a-reent.o) (_impure_ptr)
C:/ST/STM32CubeIDE_1.19.0/STM32CubeIDE/plugins/com.st.stm32cube.ide.mcu.externaltools.gnu-tools-for-stm32.13.3.rel1.win32_1.0.0.202411081344/tools/bin/../lib/gcc/arm-none-eabi/13.3.1/../../../../arm-none-eabi/lib/thumb/v7e-m+fp/hard\libc_nano.a(libc_a-lseekr.o)
[...]
Memory Configuration

Name             Origin             Length             Attributes
CCMRAM           0x10000000         0x00010000         xrw
RAM              0x20000000         0x00020000         xrw
FLASH            0x08000000         0x00100000         xr
*default*        0x00000000         0xffffffff

Linker script and memory map

LOAD C:/ST/STM32CubeIDE_1.19.0/STM32CubeIDE/plugins/com.st.stm32cube.ide.mcu.externaltools.gnu-tools-for-stm32.13.3.rel1.win32_1.0.0.202411081344/tools/bin/../lib/gcc/arm-none-eabi/13.3.1/thumb/v7e-m+fp/hard/crti.o
LOAD C:/ST/STM32CubeIDE_1.19.0/STM32CubeIDE/plugins/com.st.stm32cube.ide.mcu.externaltools.gnu-tools-for-stm32.13.3.rel1.win32_1.0.0.202411081344/tools/bin/../lib/gcc/arm-none-eabi/13.3.1/thumb/v7e-m+fp/hard/crtbegin.o
LOAD C:/ST/STM32CubeIDE_1.19.0/STM32CubeIDE/plugins/com.st.stm32cube.ide.mcu.externaltools.gnu-tools-for-stm32.13.3.rel1.win32_1.0.0.202411081344/tools/bin/../lib/gcc/arm-none-eabi/13.3.1/../../../../arm-none-eabi/lib/thumb/v7e-m+fp/hard/crt0.o
LOAD ./Core/Src/main.o
LOAD ./Core/Src/stm32f4xx_hal_msp.o
LOAD ./Core/Src/stm32f4xx_it.o
LOAD ./Core/Src/syscalls.o
LOAD ./Core/Src/sysmem.o
LOAD ./Core/Src/system_stm32f4xx.o
LOAD ./Core/Startup/startup_stm32f405rgtx.o
LOAD ./Drivers/STM32F4xx_HAL_Driver/Src/stm32f4xx_hal.o
LOAD ./Drivers/STM32F4xx_HAL_Driver/Src/stm32f4xx_hal_cortex.o
LOAD ./Drivers/STM32F4xx_HAL_Driver/Src/stm32f4xx_hal_dma.o
LOAD ./Drivers/STM32F4xx_HAL_Driver/Src/stm32f4xx_hal_dma_ex.o
LOAD ./Drivers/STM32F4xx_HAL_Driver/Src/stm32f4xx_hal_exti.o
LOAD ./Drivers/STM32F4xx_HAL_Driver/Src/stm32f4xx_hal_flash.o
LOAD ./Drivers/STM32F4xx_HAL_Driver/Src/stm32f4xx_hal_flash_ex.o
LOAD ./Drivers/STM32F4xx_HAL_Driver/Src/stm32f4xx_hal_flash_ramfunc.o
LOAD ./Drivers/STM32F4xx_HAL_Driver/Src/stm32f4xx_hal_gpio.o
LOAD ./Drivers/STM32F4xx_HAL_Driver/Src/stm32f4xx_hal_pwr.o
LOAD ./Drivers/STM32F4xx_HAL_Driver/Src/stm32f4xx_hal_pwr_ex.o
LOAD ./Drivers/STM32F4xx_HAL_Driver/Src/stm32f4xx_hal_rcc.o
LOAD ./Drivers/STM32F4xx_HAL_Driver/Src/stm32f4xx_hal_rcc_ex.o
LOAD ./Drivers/STM32F4xx_HAL_Driver/Src/stm32f4xx_hal_spi.o
START GROUP
LOAD C:/ST/STM32CubeIDE_1.19.0/STM32CubeIDE/plugins/com.st.stm32cube.ide.mcu.externaltools.gnu-tools-for-stm32.13.3.rel1.win32_1.0.0.202411081344/tools/bin/../lib/gcc/arm-none-eabi/13.3.1/../../../../arm-none-eabi/lib/thumb/v7e-m+fp/hard\libc_nano.a
LOAD C:/ST/STM32CubeIDE_1.19.0/STM32CubeIDE/plugins/com.st.stm32cube.ide.mcu.externaltools.gnu-tools-for-stm32.13.3.rel1.win32_1.0.0.202411081344/tools/bin/../lib/gcc/arm-none-eabi/13.3.1/../../../../arm-none-eabi/lib/thumb/v7e-m+fp/hard\libm.a
END GROUP
START GROUP
LOAD C:/ST/STM32CubeIDE_1.19.0/STM32CubeIDE/plugins/com.st.stm32cube.ide.mcu.externaltools.gnu-tools-for-stm32.13.3.rel1.win32_1.0.0.202411081344/tools/bin/../lib/gcc/arm-none-eabi/13.3.1/thumb/v7e-m+fp/hard\libgcc.a
LOAD C:/ST/STM32CubeIDE_1.19.0/STM32CubeIDE/plugins/com.st.stm32cube.ide.mcu.externaltools.gnu-tools-for-stm32.13.3.rel1.win32_1.0.0.202411081344/tools/bin/../lib/gcc/arm-none-eabi/13.3.1/../../../../arm-none-eabi/lib/thumb/v7e-m+fp/hard\libc_nano.a
END GROUP
START GROUP
LOAD C:/ST/STM32CubeIDE_1.19.0/STM32CubeIDE/plugins/com.st.stm32cube.ide.mcu.externaltools.gnu-tools-for-stm32.13.3.rel1.win32_1.0.0.202411081344/tools/bin/../lib/gcc/arm-none-eabi/13.3.1/thumb/v7e-m+fp/hard\libgcc.a
LOAD C:/ST/STM32CubeIDE_1.19.0/STM32CubeIDE/plugins/com.st.stm32cube.ide.mcu.externaltools.gnu-tools-for-stm32.13.3.rel1.win32_1.0.0.202411081344/tools/bin/../lib/gcc/arm-none-eabi/13.3.1/../../../../arm-none-eabi/lib/thumb/v7e-m+fp/hard\libc_nano.a
LOAD C:/ST/STM32CubeIDE_1.19.0/STM32CubeIDE/plugins/com.st.stm32cube.ide.mcu.externaltools.gnu-tools-for-stm32.13.3.rel1.win32_1.0.0.202411081344/tools/bin/../lib/gcc/arm-none-eabi/13.3.1/../../../../arm-none-eabi/lib/thumb/v7e-m+fp/hard\libnosys.a
END GROUP
START GROUP
LOAD C:/ST/STM32CubeIDE_1.19.0/STM32CubeIDE/plugins/com.st.stm32cube.ide.mcu.externaltools.gnu-tools-for-stm32.13.3.rel1.win32_1.0.0.202411081344/tools/bin/../lib/gcc/arm-none-eabi/13.3.1/thumb/v7e-m+fp/hard\libgcc.a
LOAD C:/ST/STM32CubeIDE_1.19.0/STM32CubeIDE/plugins/com.st.stm32cube.ide.mcu.externaltools.gnu-tools-for-stm32.13.3.rel1.win32_1.0.0.202411081344/tools/bin/../lib/gcc/arm-none-eabi/13.3.1/../../../../arm-none-eabi/lib/thumb/v7e-m+fp/hard\libc_nano.a
LOAD C:/ST/STM32CubeIDE_1.19.0/STM32CubeIDE/plugins/com.st.stm32cube.ide.mcu.externaltools.gnu-tools-for-stm32.13.3.rel1.win32_1.0.0.202411081344/tools/bin/../lib/gcc/arm-none-eabi/13.3.1/../../../../arm-none-eabi/lib/thumb/v7e-m+fp/hard\libnosys.a
END GROUP
LOAD C:/ST/STM32CubeIDE_1.19.0/STM32CubeIDE/plugins/com.st.stm32cube.ide.mcu.externaltools.gnu-tools-for-stm32.13.3.rel1.win32_1.0.0.202411081344/tools/bin/../lib/gcc/arm-none-eabi/13.3.1/thumb/v7e-m+fp/hard/crtend.o
LOAD C:/ST/STM32CubeIDE_1.19.0/STM32CubeIDE/plugins/com.st.stm32cube.ide.mcu.externaltools.gnu-tools-for-stm32.13.3.rel1.win32_1.0.0.202411081344/tools/bin/../lib/gcc/arm-none-eabi/13.3.1/thumb/v7e-m+fp/hard/crtn.o
                0x20020000                        _estack = (ORIGIN (RAM) + LENGTH (RAM))
                0x00000200                        _Min_Heap_Size = 0x200
                0x00000400                        _Min_Stack_Size = 0x400

.isr_vector     0x08000000      0x188
                0x08000000                        . = ALIGN (0x4)
 *(.isr_vector)
 .isr_vector    0x08000000      0x188 ./Core/Startup/startup_stm32f405rgtx.o
                0x08000000                g_pfnVectors
                0x08000188                        . = ALIGN (0x4)

.text           0x08000188     0x28c8
                0x08000188                        . = ALIGN (0x4)
 *(.text)
 .text          0x08000188       0x40 C:/ST/STM32CubeIDE_1.19.0/STM32CubeIDE/plugins/com.st.stm32cube.ide.mcu.externaltools.gnu-tools-for-stm32.13.3.rel1.win32_1.0.0.202411081344/tools/bin/../lib/gcc/arm-none-eabi/13.3.1/thumb/v7e-m+fp/hard/crtbegin.o
 .text          0x080001c8       0x30 C:/ST/STM32CubeIDE_1.19.0/STM32CubeIDE/plugins/com.st.stm32cube.ide.mcu.externaltools.gnu-tools-for-stm32.13.3.rel1.win32_1.0.0.202411081344/tools/bin/../lib/gcc/arm-none-eabi/13.3.1/thumb/v7e-m+fp/hard\libgcc.a(_aeabi_uldivmod.o)
                0x080001c8                __aeabi_uldivmod
 .text          0x080001f8      0x2f8 C:/ST/STM32CubeIDE_1.19.0/STM32CubeIDE/plugins/com.st.stm32cube.ide.mcu.externaltools.gnu-tools-for-stm32.13.3.rel1.win32_1.0.0.202411081344/tools/bin/../lib/gcc/arm-none-eabi/13.3.1/thumb/v7e-m+fp/hard\libgcc.a(_udivmoddi4.o)
                0x080001f8                __udivmoddi4
 .text          0x080004f0        0x4 C:/ST/STM32CubeIDE_1.19.0/STM32CubeIDE/plugins/com.st.stm32cube.ide.mcu.externaltools.gnu-tools-for-stm32.13.3.rel1.win32_1.0.0.202411081344/tools/bin/../lib/gcc/arm-none-eabi/13.3.1/thumb/v7e-m+fp/hard\libgcc.a(_dvmd_tls.o)
                0x080004f0                __aeabi_idiv0
                0x080004f0                __aeabi_ldiv0
 *(.text*)
 .text.main     0x080004f4       0x22 ./Core/Src/main.o
                0x080004f4                main
 *fill*         0x08000516        0x2 
 .text.SystemClock_Config
                0x08000518       0xd0 ./Core/Src/main.o
                0x08000518                SystemClock_Config
 .text.MX_SPI2_Init
                0x080005e8       0x6c ./Core/Src/main.o
 .text.MX_GPIO_Init
                0x08000654      0x144 ./Core/Src/main.o
 .text.HAL_GPIO_EXTI_Callback
                0x08000798       0x24 ./Core/Src/main.o
                0x08000798                HAL_GPIO_EXTI_Callback
 .text.cs_high  0x080007bc       0x18 ./Core/Src/main.o
 .text.cs_low   0x080007d4       0x18 ./Core/Src/main.o
 .text.ce_high  0x080007ec       0x18 ./Core/Src/main.o
 .text.ce_low   0x08000804       0x18 ./Core/Src/main.o
 .text.read_register
                0x0800081c       0x4c ./Core/Src/main.o
 .text.write_register
                0x08000868       0x5c ./Core/Src/main.o
 .text.nrf24l01p_rx_init
                0x080008c4       0x5c ./Core/Src/main.o
                0x080008c4                nrf24l01p_rx_init
 .text.nrf24l01p_rx_receive
                0x08000920       0x28 ./Core/Src/main.o
                0x08000920                nrf24l01p_rx_receive
 .text.nrf24l01p_reset
                0x08000948       0xa8 ./Core/Src/main.o
                0x08000948                nrf24l01p_reset
 .text.nrf24l01p_prx_mode
                0x080009f0       0x2a ./Core/Src/main.o
                0x080009f0                nrf24l01p_prx_mode
 *fill*         0x08000a1a        0x2 
 .text.nrf24l01p_read_rx_fifo
                0x08000a1c       0x48 ./Core/Src/main.o
                0x08000a1c                nrf24l01p_read_rx_fifo
 .text.nrf24l01p_flush_rx_fifo
                0x08000a64       0x30 ./Core/Src/main.o
                0x08000a64                nrf24l01p_flush_rx_fifo
 .text.nrf24l01p_flush_tx_fifo
                0x08000a94       0x30 ./Core/Src/main.o
                0x08000a94                nrf24l01p_flush_tx_fifo
 .text.nrf24l01p_get_status
                0x08000ac4       0x34 ./Core/Src/main.o
                0x08000ac4                nrf24l01p_get_status
 .text.nrf24l01p_rx_set_payload_widths
                0x08000af8       0x1c ./Core/Src/main.o
                0x08000af8                nrf24l01p_rx_set_payload_widths
 .text.nrf24l01p_clear_rx_dr
                0x08000b14       0x28 ./Core/Src/main.o
                0x08000b14                nrf24l01p_clear_rx_dr
 .text.nrf24l01p_power_up
                0x08000b3c       0x2a ./Core/Src/main.o
                0x08000b3c                nrf24l01p_power_up
 .text.nrf24l01p_set_crc_length
                0x08000b66       0x46 ./Core/Src/main.o
                0x08000b66                nrf24l01p_set_crc_length
 .text.nrf24l01p_set_address_widths
                0x08000bac       0x20 ./Core/Src/main.o
                0x08000bac                nrf24l01p_set_address_widths
 .text.nrf24l01p_auto_retransmit_count
                0x08000bcc       0x36 ./Core/Src/main.o
                0x08000bcc                nrf24l01p_auto_retransmit_count
 *fill*         0x08000c02        0x2 
 .text.nrf24l01p_auto_retransmit_delay
                0x08000c04       0x50 ./Core/Src/main.o
                0x08000c04                nrf24l01p_auto_retransmit_delay
 .text.nrf24l01p_set_rf_channel
                0x08000c54       0x26 ./Core/Src/main.o
                0x08000c54                nrf24l01p_set_rf_channel
 .text.nrf24l01p_set_rf_tx_output_power
                0x08000c7a       0x3c ./Core/Src/main.o
                0x08000c7a                nrf24l01p_set_rf_tx_output_power
 .text.nrf24l01p_set_rf_air_data_rate
                0x08000cb6       0x52 ./Core/Src/main.o
                0x08000cb6                nrf24l01p_set_rf_air_data_rate
 .text.Error_Handler
                0x08000d08        0xc ./Core/Src/main.o
                0x08000d08                Error_Handler
 .text.HAL_MspInit
                0x08000d14       0x50 ./Core/Src/stm32f4xx_hal_msp.o
                0x08000d14                HAL_MspInit
 .text.HAL_SPI_MspInit
                0x08000d64       0xd0 ./Core/Src/stm32f4xx_hal_msp.o
                0x08000d64                HAL_SPI_MspInit
 .text.NMI_Handler
                0x08000e34        0x8 ./Core/Src/stm32f4xx_it.o
                0x08000e34                NMI_Handler
 .text.HardFault_Handler
                0x08000e3c        0x8 ./Core/Src/stm32f4xx_it.o
                0x08000e3c                HardFault_Handler
 .text.MemManage_Handler
                0x08000e44        0x8 ./Core/Src/stm32f4xx_it.o
                0x08000e44                MemManage_Handler
 .text.BusFault_Handler
                0x08000e4c        0x8 ./Core/Src/stm32f4xx_it.o
                0x08000e4c                BusFault_Handler
 .text.UsageFault_Handler
                0x08000e54        0x8 ./Core/Src/stm32f4xx_it.o
                0x08000e54                UsageFault_Handler
 .text.SVC_Handler
                0x08000e5c        0xe ./Core/Src/stm32f4xx_it.o
                0x08000e5c                SVC_Handler
 .text.DebugMon_Handler
                0x08000e6a        0xe ./Core/Src/stm32f4xx_it.o
                0x08000e6a                DebugMon_Handler
 .text.PendSV_Handler
                0x08000e78        0xe ./Core/Src/stm32f4xx_it.o
                0x08000e78                PendSV_Handler
 .text.SysTick_Handler
                0x08000e86        0xc ./Core/Src/stm32f4xx_it.o
                0x08000e86                SysTick_Handler
 .text.EXTI9_5_IRQHandler
                0x08000e92       0x10 ./Core/Src/stm32f4xx_it.o
                0x08000e92                EXTI9_5_IRQHandler
 *fill*         0x08000ea2        0x2 
 .text.SystemInit
                0x08000ea4       0x24 ./Core/Src/system_stm32f4xx.o
                0x08000ea4                SystemInit
 .text.Reset_Handler
                0x08000ec8       0x50 ./Core/Startup/startup_stm32f405rgtx.o
                0x08000ec8                Reset_Handler
 .text.Default_Handler
                0x08000f18        0x2 ./Core/Startup/startup_stm32f405rgtx.o
                0x08000f18                RTC_Alarm_IRQHandler
                0x08000f18                HASH_RNG_IRQHandler
                0x08000f18                EXTI2_IRQHandler
                0x08000f18                TIM8_CC_IRQHandler
                0x08000f18                TIM1_CC_IRQHandler
                0x08000f18                DMA2_Stream5_IRQHandler
                0x08000f18                DMA1_Stream5_IRQHandler
                0x08000f18                PVD_IRQHandler
                0x08000f18                SDIO_IRQHandler
                0x08000f18                TAMP_STAMP_IRQHandler
                0x08000f18                CAN2_RX1_IRQHandler
                0x08000f18                EXTI3_IRQHandler
                0x08000f18                TIM8_TRG_COM_TIM14_IRQHandler
                0x08000f18                TIM1_UP_TIM10_IRQHandler
                0x08000f18                TIM8_UP_TIM13_IRQHandler
                0x08000f18                I2C3_ER_IRQHandler
                0x08000f18                EXTI0_IRQHandler
                0x08000f18                I2C2_EV_IRQHandler
                0x08000f18                DMA1_Stream2_IRQHandler
                0x08000f18                CAN1_RX0_IRQHandler
                0x08000f18                FPU_IRQHandler
                0x08000f18                OTG_HS_WKUP_IRQHandler
                0x08000f18                CAN2_SCE_IRQHandler
                0x08000f18                DMA2_Stream2_IRQHandler
                0x08000f18                SPI1_IRQHandler
                0x08000f18                TIM6_DAC_IRQHandler
                0x08000f18                TIM1_BRK_TIM9_IRQHandler
                0x08000f18                CAN2_RX0_IRQHandler
                0x08000f18                DMA2_Stream3_IRQHandler
                0x08000f18                USART6_IRQHandler
                0x08000f18                USART3_IRQHandler
                0x08000f18                CAN1_RX1_IRQHandler
                0x08000f18                UART5_IRQHandler
                0x08000f18                DMA2_Stream0_IRQHandler
                0x08000f18                TIM4_IRQHandler
                0x08000f18                I2C1_EV_IRQHandler
                0x08000f18                DMA1_Stream6_IRQHandler
                0x08000f18                DMA1_Stream1_IRQHandler
                0x08000f18                UART4_IRQHandler
                0x08000f18                TIM3_IRQHandler
                0x08000f18                RCC_IRQHandler
                0x08000f18                TIM8_BRK_TIM12_IRQHandler
                0x08000f18                Default_Handler
                0x08000f18                EXTI15_10_IRQHandler
                0x08000f18                ADC_IRQHandler
                0x08000f18                DMA1_Stream7_IRQHandler
                0x08000f18                TIM7_IRQHandler
                0x08000f18                CAN2_TX_IRQHandler
                0x08000f18                TIM5_IRQHandler
                0x08000f18                DMA2_Stream7_IRQHandler
                0x08000f18                I2C3_EV_IRQHandler
                0x08000f18                RTC_WKUP_IRQHandler
                0x08000f18                SPI2_IRQHandler
                0x08000f18                OTG_HS_EP1_IN_IRQHandler
                0x08000f18                DMA1_Stream0_IRQHandler
                0x08000f18                CAN1_TX_IRQHandler
                0x08000f18                EXTI4_IRQHandler
                0x08000f18                FSMC_IRQHandler
                0x08000f18                OTG_HS_EP1_OUT_IRQHandler
                0x08000f18                WWDG_IRQHandler
                0x08000f18                TIM2_IRQHandler
                0x08000f18                OTG_FS_WKUP_IRQHandler
                0x08000f18                TIM1_TRG_COM_TIM11_IRQHandler
                0x08000f18                OTG_HS_IRQHandler
                0x08000f18                EXTI1_IRQHandler
                0x08000f18                USART2_IRQHandler
                0x08000f18                I2C2_ER_IRQHandler
                0x08000f18                DMA2_Stream1_IRQHandler
                0x08000f18                CAN1_SCE_IRQHandler
                0x08000f18                FLASH_IRQHandler
                0x08000f18                DMA2_Stream4_IRQHandler
                0x08000f18                USART1_IRQHandler
                0x08000f18                OTG_FS_IRQHandler
                0x08000f18                SPI3_IRQHandler
                0x08000f18                DMA1_Stream4_IRQHandler
                0x08000f18                I2C1_ER_IRQHandler
                0x08000f18                DMA2_Stream6_IRQHandler
                0x08000f18                DMA1_Stream3_IRQHandler
 *fill*         0x08000f1a        0x2 
 .text.HAL_Init
                0x08000f1c       0x44 ./Drivers/STM32F4xx_HAL_Driver/Src/stm32f4xx_hal.o
                0x08000f1c                HAL_Init
 .text.HAL_InitTick
                0x08000f60       0x60 ./Drivers/STM32F4xx_HAL_Driver/Src/stm32f4xx_hal.o
                0x08000f60                HAL_InitTick
 .text.HAL_IncTick
                0x08000fc0       0x28 ./Drivers/STM32F4xx_HAL_Driver/Src/stm32f4xx_hal.o
                0x08000fc0                HAL_IncTick
 .text.HAL_GetTick
                0x08000fe8       0x18 ./Drivers/STM32F4xx_HAL_Driver/Src/stm32f4xx_hal.o
                0x08000fe8                HAL_GetTick
 .text.__NVIC_SetPriorityGrouping
                0x08001000       0x48 ./Drivers/STM32F4xx_HAL_Driver/Src/stm32f4xx_hal_cortex.o
 .text.__NVIC_GetPriorityGrouping
                0x08001048       0x1c ./Drivers/STM32F4xx_HAL_Driver/Src/stm32f4xx_hal_cortex.o
 .text.__NVIC_EnableIRQ
                0x08001064       0x3c ./Drivers/STM32F4xx_HAL_Driver/Src/stm32f4xx_hal_cortex.o
 .text.__NVIC_SetPriority
                0x080010a0       0x54 ./Drivers/STM32F4xx_HAL_Driver/Src/stm32f4xx_hal_cortex.o
 .text.NVIC_EncodePriority
                0x080010f4       0x66 ./Drivers/STM32F4xx_HAL_Driver/Src/stm32f4xx_hal_cortex.o
 *fill*         0x0800115a        0x2 
 .text.SysTick_Config
                0x0800115c       0x44 ./Drivers/STM32F4xx_HAL_Driver/Src/stm32f4xx_hal_cortex.o
 .text.HAL_NVIC_SetPriorityGrouping
                0x080011a0       0x16 ./Drivers/STM32F4xx_HAL_Driver/Src/stm32f4xx_hal_cortex.o
                0x080011a0                HAL_NVIC_SetPriorityGrouping
 .text.HAL_NVIC_SetPriority
                0x080011b6       0x38 ./Drivers/STM32F4xx_HAL_Driver/Src/stm32f4xx_hal_cortex.o
                0x080011b6                HAL_NVIC_SetPriority
 .text.HAL_NVIC_EnableIRQ
                0x080011ee       0x1c ./Drivers/STM32F4xx_HAL_Driver/Src/stm32f4xx_hal_cortex.o
                0x080011ee                HAL_NVIC_EnableIRQ
 .text.HAL_SYSTICK_Config
                0x0800120a       0x18 ./Drivers/STM32F4xx_HAL_Driver/Src/stm32f4xx_hal_cortex.o
                0x0800120a                HAL_SYSTICK_Config
 *fill*         0x08001222        0x2 
 .text.HAL_GPIO_Init
                0x08001224      0x338 ./Drivers/STM32F4xx_HAL_Driver/Src/stm32f4xx_hal_gpio.o
                0x08001224                HAL_GPIO_Init
 .text.HAL_GPIO_WritePin
                0x0800155c       0x32 ./Drivers/STM32F4xx_HAL_Driver/Src/stm32f4xx_hal_gpio.o
                0x0800155c                HAL_GPIO_WritePin
 .text.HAL_GPIO_TogglePin
                0x0800158e       0x34 ./Drivers/STM32F4xx_HAL_Driver/Src/stm32f4xx_hal_gpio.o
                0x0800158e                HAL_GPIO_TogglePin
 *fill*         0x080015c2        0x2 
 .text.HAL_GPIO_EXTI_IRQHandler
                0x080015c4       0x30 ./Drivers/STM32F4xx_HAL_Driver/Src/stm32f4xx_hal_gpio.o
                0x080015c4                HAL_GPIO_EXTI_IRQHandler
 .text.HAL_RCC_OscConfig
                0x080015f4      0x4f0 ./Drivers/STM32F4xx_HAL_Driver/Src/stm32f4xx_hal_rcc.o
                0x080015f4                HAL_RCC_OscConfig
 .text.HAL_RCC_ClockConfig
                0x08001ae4      0x1cc ./Drivers/STM32F4xx_HAL_Driver/Src/stm32f4xx_hal_rcc.o
                0x08001ae4                HAL_RCC_ClockConfig
 .text.HAL_RCC_GetSysClockFreq
                0x08001cb0      0x18c ./Drivers/STM32F4xx_HAL_Driver/Src/stm32f4xx_hal_rcc.o
                0x08001cb0                HAL_RCC_GetSysClockFreq
 .text.HAL_SPI_Init
                0x08001e3c      0x112 ./Drivers/STM32F4xx_HAL_Driver/Src/stm32f4xx_hal_spi.o
                0x08001e3c                HAL_SPI_Init
 .text.HAL_SPI_Transmit
                0x08001f4e      0x288 ./Drivers/STM32F4xx_HAL_Driver/Src/stm32f4xx_hal_spi.o
                0x08001f4e                HAL_SPI_Transmit
 .text.HAL_SPI_Receive
                0x080021d6      0x232 ./Drivers/STM32F4xx_HAL_Driver/Src/stm32f4xx_hal_spi.o
                0x080021d6                HAL_SPI_Receive
 .text.HAL_SPI_TransmitReceive
                0x08002408      0x352 ./Drivers/STM32F4xx_HAL_Driver/Src/stm32f4xx_hal_spi.o
                0x08002408                HAL_SPI_TransmitReceive
 *fill*         0x0800275a        0x2 
 .text.SPI_WaitFlagStateUntilTimeout
                0x0800275c      0x110 ./Drivers/STM32F4xx_HAL_Driver/Src/stm32f4xx_hal_spi.o
 .text.SPI_EndRxTransaction
                0x0800286c       0xca ./Drivers/STM32F4xx_HAL_Driver/Src/stm32f4xx_hal_spi.o
 *fill*         0x08002936        0x2 
 .text.SPI_EndRxTxTransaction
                0x08002938       0xa8 ./Drivers/STM32F4xx_HAL_Driver/Src/stm32f4xx_hal_spi.o
 .text.memset   0x080029e0       0x10 C:/ST/STM32CubeIDE_1.19.0/STM32CubeIDE/plugins/com.st.stm32cube.ide.mcu.externaltools.gnu-tools-for-stm32.13.3.rel1.win32_1.0.0.202411081344/tools/bin/../lib/gcc/arm-none-eabi/13.3.1/../../../../arm-none-eabi/lib/thumb/v7e-m+fp/hard\libc_nano.a(libc_a-memset.o)
                0x080029e0                memset
 .text.__libc_init_array
                0x080029f0       0x48 C:/ST/STM32CubeIDE_1.19.0/STM32CubeIDE/plugins/com.st.stm32cube.ide.mcu.externaltools.gnu-tools-for-stm32.13.3.rel1.win32_1.0.0.202411081344/tools/bin/../lib/gcc/arm-none-eabi/13.3.1/../../../../arm-none-eabi/lib/thumb/v7e-m+fp/hard\libc_nano.a(libc_a-init.o)
                0x080029f0                __libc_init_array
 *(.glue_7)
 .glue_7        0x08002a38        0x0 linker stubs
 *(.glue_7t)
 .glue_7t       0x08002a38        0x0 linker stubs
 *(.eh_frame)
 .eh_frame      0x08002a38        0x0 C:/ST/STM32CubeIDE_1.19.0/STM32CubeIDE/plugins/com.st.stm32cube.ide.mcu.externaltools.gnu-tools-for-stm32.13.3.rel1.win32_1.0.0.202411081344/tools/bin/../lib/gcc/arm-none-eabi/13.3.1/thumb/v7e-m+fp/hard/crtbegin.o
 *(.init)
 .init          0x08002a38        0x4 C:/ST/STM32CubeIDE_1.19.0/STM32CubeIDE/plugins/com.st.stm32cube.ide.mcu.externaltools.gnu-tools-for-stm32.13.3.rel1.win32_1.0.0.202411081344/tools/bin/../lib/gcc/arm-none-eabi/13.3.1/thumb/v7e-m+fp/hard/crti.o
                0x08002a38                _init
 .init          0x08002a3c        0x8 C:/ST/STM32CubeIDE_1.19.0/STM32CubeIDE/plugins/com.st.stm32cube.ide.mcu.externaltools.gnu-tools-for-stm32.13.3.rel1.win32_1.0.0.202411081344/tools/bin/../lib/gcc/arm-none-eabi/13.3.1/thumb/v7e-m+fp/hard/crtn.o
 *(.fini)
 .fini          0x08002a44        0x4 C:/ST/STM32CubeIDE_1.19.0/STM32CubeIDE/plugins/com.st.stm32cube.ide.mcu.externaltools.gnu-tools-for-stm32.13.3.rel1.win32_1.0.0.202411081344/tools/bin/../lib/gcc/arm-none-eabi/13.3.1/thumb/v7e-m+fp/hard/crti.o
                0x08002a44                _fini
 .fini          0x08002a48        0x8 C:/ST/STM32CubeIDE_1.19.0/STM32CubeIDE/plugins/com.st.stm32cube.ide.mcu.externaltools.gnu-tools-for-stm32.13.3.rel1.win32_1.0.0.202411081344/tools/bin/../lib/gcc/arm-none-eabi/13.3.1/thumb/v7e-m+fp/hard/crtn.o
                0x08002a50                        . = ALIGN (0x4)
                0x08002a50                        _etext = .

.vfp11_veneer   0x08002a50        0x0
 .vfp11_veneer  0x08002a50        0x0 linker stubs

.v4_bx          0x08002a50        0x0
 .v4_bx         0x08002a50        0x0 linker stubs

.iplt           0x08002a50        0x0
 .iplt          0x08002a50        0x0 C:/ST/STM32CubeIDE_1.19.0/STM32CubeIDE/plugins/com.st.stm32cube.ide.mcu.externaltools.gnu-tools-for-stm32.13.3.rel1.win32_1.0.0.202411081344/tools/bin/../lib/gcc/arm-none-eabi/13.3.1/thumb/v7e-m+fp/hard/crtbegin.o

.rodata         0x08002a50       0x10
                0x08002a50                        . = ALIGN (0x4)
 *(.rodata)
 *(.rodata*)
 .rodata.AHBPrescTable
                0x08002a50       0x10 ./Core/Src/system_stm32f4xx.o
                0x08002a50                AHBPrescTable
                0x08002a60                        . = ALIGN (0x4)

.ARM.extab      0x08002a60        0x0
                0x08002a60                        . = ALIGN (0x4)
 *(.ARM.extab* .gnu.linkonce.armextab.*)
                0x08002a60                        . = ALIGN (0x4)

.ARM            0x08002a60        0x8
                0x08002a60                        . = ALIGN (0x4)
                0x08002a60                        __exidx_start = .
 *(.ARM.exidx*)
 .ARM.exidx     0x08002a60        0x8 C:/ST/STM32CubeIDE_1.19.0/STM32CubeIDE/plugins/com.st.stm32cube.ide.mcu.externaltools.gnu-tools-for-stm32.13.3.rel1.win32_1.0.0.202411081344/tools/bin/../lib/gcc/arm-none-eabi/13.3.1/thumb/v7e-m+fp/hard\libgcc.a(_udivmoddi4.o)
                0x08002a68                        __exidx_end = .
                0x08002a68                        . = ALIGN (0x4)

.preinit_array  0x08002a68        0x0
                0x08002a68                        . = ALIGN (0x4)
                0x08002a68                        PROVIDE (__preinit_array_start = .)
 *(.preinit_array*)
                0x08002a68                        PROVIDE (__preinit_array_end = .)
                0x08002a68                        . = ALIGN (0x4)

.init_array     0x08002a68        0x4
                0x08002a68                        . = ALIGN (0x4)
                0x08002a68                        PROVIDE (__init_array_start = .)
 *(SORT_BY_NAME(.init_array.*))
 *(.init_array*)
 .init_array    0x08002a68        0x4 C:/ST/STM32CubeIDE_1.19.0/STM32CubeIDE/plugins/com.st.stm32cube.ide.mcu.externaltools.gnu-tools-for-stm32.13.3.rel1.win32_1.0.0.202411081344/tools/bin/../lib/gcc/arm-none-eabi/13.3.1/thumb/v7e-m+fp/hard/crtbegin.o
                0x08002a6c                        PROVIDE (__init_array_end = .)
                0x08002a6c                        . = ALIGN (0x4)

.fini_array     0x08002a6c        0x4
                0x08002a6c                        . = ALIGN (0x4)
                [!provide]                        PROVIDE (__fini_array_start = .)
 *(SORT_BY_NAME(.fini_array.*))
 *(.fini_array*)
 .fini_array    0x08002a6c        0x4 C:/ST/STM32CubeIDE_1.19.0/STM32CubeIDE/plugins/com.st.stm32cube.ide.mcu.externaltools.gnu-tools-for-stm32.13.3.rel1.win32_1.0.0.202411081344/tools/bin/../lib/gcc/arm-none-eabi/13.3.1/thumb/v7e-m+fp/hard/crtbegin.o
                [!provide]                        PROVIDE (__fini_array_end = .)
                0x08002a70                        . = ALIGN (0x4)
                0x08002a70                        _sidata = LOADADDR (.data)

.rel.dyn        0x08002a70        0x0
 .rel.iplt      0x08002a70        0x0 C:/ST/STM32CubeIDE_1.19.0/STM32CubeIDE/plugins/com.st.stm32cube.ide.mcu.externaltools.gnu-tools-for-stm32.13.3.rel1.win32_1.0.0.202411081344/tools/bin/../lib/gcc/arm-none-eabi/13.3.1/thumb/v7e-m+fp/hard/crtbegin.o

.data           0x20000000       0x14 load address 0x08002a70
                0x20000000                        . = ALIGN (0x4)
                0x20000000                        _sdata = .
 *(.data)
 *(.data*)
 .data.rx_data  0x20000000        0x8 ./Core/Src/main.o
                0x20000000                rx_data
 .data.SystemCoreClock
                0x20000008        0x4 ./Core/Src/system_stm32f4xx.o
                0x20000008                SystemCoreClock
 .data.uwTickPrio
                0x2000000c        0x4 ./Drivers/STM32F4xx_HAL_Driver/Src/stm32f4xx_hal.o
                0x2000000c                uwTickPrio
 .data.uwTickFreq
                0x20000010        0x1 ./Drivers/STM32F4xx_HAL_Driver/Src/stm32f4xx_hal.o
                0x20000010                uwTickFreq
 *(.RamFunc)
 *(.RamFunc*)
                0x20000014                        . = ALIGN (0x4)
 *fill*         0x20000011        0x3 
                0x20000014                        _edata = .
                0x08002a84                        _siccmram = LOADADDR (.ccmram)

.igot.plt       0x20000014        0x0 load address 0x08002a84
 .igot.plt      0x20000014        0x0 C:/ST/STM32CubeIDE_1.19.0/STM32CubeIDE/plugins/com.st.stm32cube.ide.mcu.externaltools.gnu-tools-for-stm32.13.3.rel1.win32_1.0.0.202411081344/tools/bin/../lib/gcc/arm-none-eabi/13.3.1/thumb/v7e-m+fp/hard/crtbegin.o

.ccmram         0x10000000        0x0 load address 0x08002a84
                0x10000000                        . = ALIGN (0x4)
                0x10000000                        _sccmram = .
 *(.ccmram)
 *(.ccmram*)
                0x10000000                        . = ALIGN (0x4)
                0x10000000                        _eccmram = .
                0x10000000                        . = ALIGN (0x4)

.bss            0x20000014       0x78
                0x20000014                        _sbss = .
                0x20000014                        __bss_start__ = _sbss
 *(.bss)
 .bss           0x20000014       0x1c C:/ST/STM32CubeIDE_1.19.0/STM32CubeIDE/plugins/com.st.stm32cube.ide.mcu.externaltools.gnu-tools-for-stm32.13.3.rel1.win32_1.0.0.202411081344/tools/bin/../lib/gcc/arm-none-eabi/13.3.1/thumb/v7e-m+fp/hard/crtbegin.o
 *(.bss*)
 .bss.hspi2     0x20000030       0x58 ./Core/Src/main.o
                0x20000030                hspi2
 .bss.uwTick    0x20000088        0x4 ./Drivers/STM32F4xx_HAL_Driver/Src/stm32f4xx_hal.o
                0x20000088                uwTick
 *(COMMON)
                0x2000008c                        . = ALIGN (0x4)
                0x2000008c                        _ebss = .
                0x2000008c                        __bss_end__ = _ebss

._user_heap_stack
                0x2000008c      0x604
                0x20000090                        . = ALIGN (0x8)
 *fill*         0x2000008c        0x4 
                [!provide]                        PROVIDE (end = .)
                0x20000090                        PROVIDE (_end = .)
                0x20000290                        . = (. + _Min_Heap_Size)
 *fill*         0x20000090      0x200 
                0x20000690                        . = (. + _Min_Stack_Size)
 *fill*         0x20000290      0x400 
                0x20000690                        . = ALIGN (0x8)

/DISCARD/
 libc.a(*)
 libm.a(*)
 libgcc.a(*)

.ARM.attributes
                0x00000000       0x30
 *(.ARM.attributes)
 .ARM.attributes
                0x00000000       0x22 C:/ST/STM32CubeIDE_1.19.0/STM32CubeIDE/plugins/com.st.stm32cube.ide.mcu.externaltools.gnu-tools-for-stm32.13.3.rel1.win32_1.0.0.202411081344/tools/bin/../lib/gcc/arm-none-eabi/13.3.1/thumb/v7e-m+fp/hard/crti.o
 .ARM.attributes
                0x00000022       0x34 C:/ST/STM32CubeIDE_1.19.0/STM32CubeIDE/plugins/com.st.stm32cube.ide.mcu.externaltools.gnu-tools-for-stm32.13.3.rel1.win32_1.0.0.202411081344/tools/bin/../lib/gcc/arm-none-eabi/13.3.1/thumb/v7e-m+fp/hard/crtbegin.o
 .ARM.attributes
                0x00000056       0x34 ./Core/Src/main.o
 .ARM.attributes
                0x0000008a       0x34 ./Core/Src/stm32f4xx_hal_msp.o
 .ARM.attributes
                0x000000be       0x34 ./Core/Src/stm32f4xx_it.o
 .ARM.attributes
                0x000000f2       0x34 ./Core/Src/system_stm32f4xx.o
 .ARM.attributes
                0x00000126       0x21 ./Core/Startup/startup_stm32f405rgtx.o
 .ARM.attributes
                0x00000147       0x34 ./Drivers/STM32F4xx_HAL_Driver/Src/stm32f4xx_hal.o
 .ARM.attributes
                0x0000017b       0x34 ./Drivers/STM32F4xx_HAL_Driver/Src/stm32f4xx_hal_cortex.o
 .ARM.attributes
                0x000001af       0x34 ./Drivers/STM32F4xx_HAL_Driver/Src/stm32f4xx_hal_gpio.o
 .ARM.attributes
                0x000001e3       0x34 ./Drivers/STM32F4xx_HAL_Driver/Src/stm32f4xx_hal_rcc.o
 .ARM.attributes
                0x00000217       0x34 ./Drivers/STM32F4xx_HAL_Driver/Src/stm32f4xx_hal_spi.o
 .ARM.attributes
                0x0000024b       0x34 C:/ST/STM32CubeIDE_1.19.0/STM32CubeIDE/plugins/com.st.stm32cube.ide.mcu.externaltools.gnu-tools-for-stm32.13.3.rel1.win32_1.0.0.202411081344/tools/bin/../lib/gcc/arm-none-eabi/13.3.1/../../../../arm-none-eabi/lib/thumb/v7e-m+fp/hard\libc_nano.a(libc_a-memset.o)
 .ARM.attributes
                0x0000027f       0x34 C:/ST/STM32CubeIDE_1.19.0/STM32CubeIDE/plugins/com.st.stm32cube.ide.mcu.externaltools.gnu-tools-for-stm32.13.3.rel1.win32_1.0.0.202411081344/tools/bin/../lib/gcc/arm-none-eabi/13.3.1/../../../../arm-none-eabi/lib/thumb/v7e-m+fp/hard\libc_nano.a(libc_a-init.o)
 .ARM.attributes
                0x000002b3       0x22 C:/ST/STM32CubeIDE_1.19.0/STM32CubeIDE/plugins/com.st.stm32cube.ide.mcu.externaltools.gnu-tools-for-stm32.13.3.rel1.win32_1.0.0.202411081344/tools/bin/../lib/gcc/arm-none-eabi/13.3.1/thumb/v7e-m+fp/hard\libgcc.a(_aeabi_uldivmod.o)
 .ARM.attributes
                0x000002d5       0x34 C:/ST/STM32CubeIDE_1.19.0/STM32CubeIDE/plugins/com.st.stm32cube.ide.mcu.externaltools.gnu-tools-for-stm32.13.3.rel1.win32_1.0.0.202411081344/tools/bin/../lib/gcc/arm-none-eabi/13.3.1/thumb/v7e-m+fp/hard\libgcc.a(_udivmoddi4.o)
 .ARM.attributes
                0x00000309       0x22 C:/ST/STM32CubeIDE_1.19.0/STM32CubeIDE/plugins/com.st.stm32cube.ide.mcu.externaltools.gnu-tools-for-stm32.13.3.rel1.win32_1.0.0.202411081344/tools/bin/../lib/gcc/arm-none-eabi/13.3.1/thumb/v7e-m+fp/hard\libgcc.a(_dvmd_tls.o)
 .ARM.attributes
                0x0000032b       0x22 C:/ST/STM32CubeIDE_1.19.0/STM32CubeIDE/plugins/com.st.stm32cube.ide.mcu.externaltools.gnu-tools-for-stm32.13.3.rel1.win32_1.0.0.202411081344/tools/bin/../lib/gcc/arm-none-eabi/13.3.1/thumb/v7e-m+fp/hard/crtn.o
OUTPUT(nrf_rx1.elf elf32-littlearm)
LOAD linker stubs
LOAD C:/ST/STM32CubeIDE_1.19.0/STM32CubeIDE/plugins/com.st.stm32cube.ide.mcu.externaltools.gnu-tools-for-stm32.13.3.rel1.win32_1.0.0.202411081344/tools/bin/../lib/gcc/arm-none-eabi/13.3.1/../../../../arm-none-eabi/lib/thumb/v7e-m+fp/hard\libc.a
LOAD C:/ST/STM32CubeIDE_1.19.0/STM32CubeIDE/plugins/com.st.stm32cube.ide.mcu.externaltools.gnu-tools-for-stm32.13.3.rel1.win32_1.0.0.202411081344/tools/bin/../lib/gcc/arm-none-eabi/13.3.1/../../../../arm-none-eabi/lib/thumb/v7e-m+fp/hard\libm.a
LOAD C:/ST/STM32CubeIDE_1.19.0/STM32CubeIDE/plugins/com.st.stm32cube.ide.mcu.externaltools.gnu-tools-for-stm32.13.3.rel1.win32_1.0.0.202411081344/tools/bin/../lib/gcc/arm-none-eabi/13.3.1/thumb/v7e-m+fp/hard\libgcc.a

.debug_info     0x00000000     0x6069
 .debug_info    0x00000000     0x1551 ./Core/Src/main.o
 .debug_info    0x00001551      0x935 ./Core/Src/stm32f4xx_hal_msp.o
 .debug_info    0x00001e86      0x14a ./Core/Src/stm32f4xx_it.o
 .debug_info    0x00001fd0      0x512 ./Core/Src/system_stm32f4xx.o
 .debug_info    0x000024e2       0x30 ./Core/Startup/startup_stm32f405rgtx.o
 .debug_info    0x00002512      0x932 ./Drivers/STM32F4xx_HAL_Driver/Src/stm32f4xx_hal.o
 .debug_info    0x00002e44      0xd7a ./Drivers/STM32F4xx_HAL_Driver/Src/stm32f4xx_hal_cortex.o
 .debug_info    0x00003bbe      0x6c3 ./Drivers/STM32F4xx_HAL_Driver/Src/stm32f4xx_hal_gpio.o
 .debug_info    0x00004281      0x8c3 ./Drivers/STM32F4xx_HAL_Driver/Src/stm32f4xx_hal_rcc.o
 .debug_info    0x00004b44     0x1525 ./Drivers/STM32F4xx_HAL_Driver/Src/stm32f4xx_hal_spi.o

.debug_abbrev   0x00000000     0x12f6
 .debug_abbrev  0x00000000      0x334 ./Core/Src/main.o
 .debug_abbrev  0x00000334      0x1ae ./Core/Src/stm32f4xx_hal_msp.o
 .debug_abbrev  0x000004e2       0xa0 ./Core/Src/stm32f4xx_it.o
 .debug_abbrev  0x00000582      0x11a ./Core/Src/system_stm32f4xx.o
 .debug_abbrev  0x0000069c       0x24 ./Core/Startup/startup_stm32f405rgtx.o
 .debug_abbrev  0x000006c0      0x214 ./Drivers/STM32F4xx_HAL_Driver/Src/stm32f4xx_hal.o
 .debug_abbrev  0x000008d4      0x31d ./Drivers/STM32F4xx_HAL_Driver/Src/stm32f4xx_hal_cortex.o
 .debug_abbrev  0x00000bf1      0x1d4 ./Drivers/STM32F4xx_HAL_Driver/Src/stm32f4xx_hal_gpio.o
 .debug_abbrev  0x00000dc5      0x2b7 ./Drivers/STM32F4xx_HAL_Driver/Src/stm32f4xx_hal_rcc.o
 .debug_abbrev  0x0000107c      0x27a ./Drivers/STM32F4xx_HAL_Driver/Src/stm32f4xx_hal_spi.o

.debug_aranges  0x00000000      0x708
 .debug_aranges
                0x00000000      0x150 ./Core/Src/main.o
 .debug_aranges
                0x00000150       0x30 ./Core/Src/stm32f4xx_hal_msp.o
 .debug_aranges
                0x00000180       0x68 ./Core/Src/stm32f4xx_it.o
 .debug_aranges
                0x000001e8       0x28 ./Core/Src/system_stm32f4xx.o
 .debug_aranges
                0x00000210       0x28 ./Core/Startup/startup_stm32f405rgtx.o
 .debug_aranges
                0x00000238       0xf0 ./Drivers/STM32F4xx_HAL_Driver/Src/stm32f4xx_hal.o
 .debug_aranges
                0x00000328      0x130 ./Drivers/STM32F4xx_HAL_Driver/Src/stm32f4xx_hal_cortex.o
 .debug_aranges
                0x00000458       0x58 ./Drivers/STM32F4xx_HAL_Driver/Src/stm32f4xx_hal_gpio.o
 .debug_aranges
                0x000004b0       0x88 ./Drivers/STM32F4xx_HAL_Driver/Src/stm32f4xx_hal_rcc.o
 .debug_aranges
                0x00000538      0x1d0 ./Drivers/STM32F4xx_HAL_Driver/Src/stm32f4xx_hal_spi.o

.debug_rnglists
                0x00000000      0x539
 .debug_rnglists
                0x00000000       0xfa ./Core/Src/main.o
 .debug_rnglists
                0x000000fa       0x20 ./Core/Src/stm32f4xx_hal_msp.o
 .debug_rnglists
                0x0000011a       0x49 ./Core/Src/stm32f4xx_it.o
 .debug_rnglists
                0x00000163       0x1a ./Core/Src/system_stm32f4xx.o
 .debug_rnglists
                0x0000017d       0x19 ./Core/Startup/startup_stm32f405rgtx.o
 .debug_rnglists
                0x00000196       0xaf ./Drivers/STM32F4xx_HAL_Driver/Src/stm32f4xx_hal.o
 .debug_rnglists
                0x00000245       0xe0 ./Drivers/STM32F4xx_HAL_Driver/Src/stm32f4xx_hal_cortex.o
 .debug_rnglists
                0x00000325       0x3f ./Drivers/STM32F4xx_HAL_Driver/Src/stm32f4xx_hal_gpio.o
 .debug_rnglists
                0x00000364       0x66 ./Drivers/STM32F4xx_HAL_Driver/Src/stm32f4xx_hal_rcc.o
 .debug_rnglists
                0x000003ca      0x16f ./Drivers/STM32F4xx_HAL_Driver/Src/stm32f4xx_hal_spi.o

.debug_macro    0x00000000    0x1d6cb
 .debug_macro   0x00000000      0x2e0 ./Core/Src/main.o
 .debug_macro   0x000002e0      0xad8 ./Core/Src/main.o
 .debug_macro   0x00000db8      0x295 ./Core/Src/main.o
 .debug_macro   0x0000104d       0x2e ./Core/Src/main.o
 .debug_macro   0x0000107b       0x2f ./Core/Src/main.o
 .debug_macro   0x000010aa       0x22 ./Core/Src/main.o
 .debug_macro   0x000010cc       0x8e ./Core/Src/main.o
 .debug_macro   0x0000115a       0x51 ./Core/Src/main.o
 .debug_macro   0x000011ab      0x103 ./Core/Src/main.o
 .debug_macro   0x000012ae       0x6a ./Core/Src/main.o
 .debug_macro   0x00001318      0x1df ./Core/Src/main.o
 .debug_macro   0x000014f7       0x1c ./Core/Src/main.o
 .debug_macro   0x00001513       0x22 ./Core/Src/main.o
 .debug_macro   0x00001535       0xfb ./Core/Src/main.o
 .debug_macro   0x00001630     0x1011 ./Core/Src/main.o
 .debug_macro   0x00002641      0x11f ./Core/Src/main.o
 .debug_macro   0x00002760    0x1427b ./Core/Src/main.o
 .debug_macro   0x000169db       0x6d ./Core/Src/main.o
 .debug_macro   0x00016a48     0x3693 ./Core/Src/main.o
 .debug_macro   0x0001a0db      0x190 ./Core/Src/main.o
 .debug_macro   0x0001a26b       0x5c ./Core/Src/main.o
 .debug_macro   0x0001a2c7      0x8bc ./Core/Src/main.o
 .debug_macro   0x0001ab83      0x9e9 ./Core/Src/main.o
 .debug_macro   0x0001b56c      0x115 ./Core/Src/main.o
 .debug_macro   0x0001b681      0x130 ./Core/Src/main.o
 .debug_macro   0x0001b7b1       0xa5 ./Core/Src/main.o
 .debug_macro   0x0001b856      0x174 ./Core/Src/main.o
 .debug_macro   0x0001b9ca      0x287 ./Core/Src/main.o
 .debug_macro   0x0001bc51       0x5f ./Core/Src/main.o
 .debug_macro   0x0001bcb0      0x236 ./Core/Src/main.o
 .debug_macro   0x0001bee6      0x12c ./Core/Src/main.o
 .debug_macro   0x0001c012      0x21e ./Core/Src/main.o
 .debug_macro   0x0001c230       0x2e ./Core/Src/main.o
 .debug_macro   0x0001c25e      0x127 ./Core/Src/main.o
 .debug_macro   0x0001c385       0x7e ./Core/Src/main.o
 .debug_macro   0x0001c403       0x89 ./Core/Src/main.o
 .debug_macro   0x0001c48c      0x225 ./Core/Src/main.o
 .debug_macro   0x0001c6b1      0x12d ./Core/Src/main.o
 .debug_macro   0x0001c7de       0x3a ./Core/Src/main.o
 .debug_macro   0x0001c818       0x22 ./Core/Src/main.o
 .debug_macro   0x0001c83a      0x1c9 ./Core/Src/stm32f4xx_hal_msp.o
 .debug_macro   0x0001ca03      0x1d3 ./Core/Src/stm32f4xx_it.o
 .debug_macro   0x0001cbd6      0x1ba ./Core/Src/system_stm32f4xx.o
 .debug_macro   0x0001cd90      0x21a ./Drivers/STM32F4xx_HAL_Driver/Src/stm32f4xx_hal.o
 .debug_macro   0x0001cfaa      0x1ba ./Drivers/STM32F4xx_HAL_Driver/Src/stm32f4xx_hal_cortex.o
 .debug_macro   0x0001d164      0x1c0 ./Drivers/STM32F4xx_HAL_Driver/Src/stm32f4xx_hal_gpio.o
 .debug_macro   0x0001d324      0x1de ./Drivers/STM32F4xx_HAL_Driver/Src/stm32f4xx_hal_rcc.o
 .debug_macro   0x0001d502      0x1c9 ./Drivers/STM32F4xx_HAL_Driver/Src/stm32f4xx_hal_spi.o

.debug_line     0x00000000     0x709b
 .debug_line    0x00000000      0xc5b ./Core/Src/main.o
 .debug_line    0x00000c5b      0x773 ./Core/Src/stm32f4xx_hal_msp.o
 .debug_line    0x000013ce      0x7db ./Core/Src/stm32f4xx_it.o
 .debug_line    0x00001ba9      0x78a ./Core/Src/system_stm32f4xx.o
 .debug_line    0x00002333       0x7a ./Core/Startup/startup_stm32f405rgtx.o
 .debug_line    0x000023ad      0xa06 ./Drivers/STM32F4xx_HAL_Driver/Src/stm32f4xx_hal.o
 .debug_line    0x00002db3      0xcd6 ./Drivers/STM32F4xx_HAL_Driver/Src/stm32f4xx_hal_cortex.o
 .debug_line    0x00003a89      0xb5e ./Drivers/STM32F4xx_HAL_Driver/Src/stm32f4xx_hal_gpio.o
 .debug_line    0x000045e7      0xe13 ./Drivers/STM32F4xx_HAL_Driver/Src/stm32f4xx_hal_rcc.o
 .debug_line    0x000053fa     0x1ca1 ./Drivers/STM32F4xx_HAL_Driver/Src/stm32f4xx_hal_spi.o

.debug_str      0x00000000    0xb3fe1
 .debug_str     0x00000000    0xb3fe1 ./Core/Src/main.o
                              0xb2ec4 (size before relaxing)
 .debug_str     0x000b3fe1    0xb1e26 ./Core/Src/stm32f4xx_hal_msp.o
 .debug_str     0x000b3fe1    0xb18f1 ./Core/Src/stm32f4xx_it.o
 .debug_str     0x000b3fe1    0xb191a ./Core/Src/system_stm32f4xx.o
 .debug_str     0x000b3fe1       0x72 ./Core/Startup/startup_stm32f405rgtx.o
 .debug_str     0x000b3fe1    0xb247d ./Drivers/STM32F4xx_HAL_Driver/Src/stm32f4xx_hal.o
 .debug_str     0x000b3fe1    0xb21f9 ./Drivers/STM32F4xx_HAL_Driver/Src/stm32f4xx_hal_cortex.o
 .debug_str     0x000b3fe1    0xb1a95 ./Drivers/STM32F4xx_HAL_Driver/Src/stm32f4xx_hal_gpio.o
 .debug_str     0x000b3fe1    0xb1d4e ./Drivers/STM32F4xx_HAL_Driver/Src/stm32f4xx_hal_rcc.o
 .debug_str     0x000b3fe1    0xb21d8 ./Drivers/STM32F4xx_HAL_Driver/Src/stm32f4xx_hal_spi.o

.comment        0x00000000       0x43
 .comment       0x00000000       0x43 ./Core/Src/main.o
                                 0x44 (size before relaxing)
 .comment       0x00000043       0x44 ./Core/Src/stm32f4xx_hal_msp.o
 .comment       0x00000043       0x44 ./Core/Src/stm32f4xx_it.o
 .comment       0x00000043       0x44 ./Core/Src/system_stm32f4xx.o
 .comment       0x00000043       0x44 ./Drivers/STM32F4xx_HAL_Driver/Src/stm32f4xx_hal.o
 .comment       0x00000043       0x44 ./Drivers/STM32F4xx_HAL_Driver/Src/stm32f4xx_hal_cortex.o
 .comment       0x00000043       0x44 ./Drivers/STM32F4xx_HAL_Driver/Src/stm32f4xx_hal_gpio.o
 .comment       0x00000043       0x44 ./Drivers/STM32F4xx_HAL_Driver/Src/stm32f4xx_hal_rcc.o
 .comment       0x00000043       0x44 ./Drivers/STM32F4xx_HAL_Driver/Src/stm32f4xx_hal_spi.o

.debug_frame    0x00000000     0x1bc8
 .debug_frame   0x00000000      0x540 ./Core/Src/main.o
 .debug_frame   0x00000540       0x80 ./Core/Src/stm32f4xx_hal_msp.o
 .debug_frame   0x000005c0      0x120 ./Core/Src/stm32f4xx_it.o
 .debug_frame   0x000006e0       0x58 ./Core/Src/system_stm32f4xx.o
 .debug_frame   0x00000738      0x374 ./Drivers/STM32F4xx_HAL_Driver/Src/stm32f4xx_hal.o
 .debug_frame   0x00000aac      0x508 ./Drivers/STM32F4xx_HAL_Driver/Src/stm32f4xx_hal_cortex.o
 .debug_frame   0x00000fb4      0x14c ./Drivers/STM32F4xx_HAL_Driver/Src/stm32f4xx_hal_gpio.o
 .debug_frame   0x00001100      0x1f4 ./Drivers/STM32F4xx_HAL_Driver/Src/stm32f4xx_hal_rcc.o
 .debug_frame   0x000012f4      0x828 ./Drivers/STM32F4xx_HAL_Driver/Src/stm32f4xx_hal_spi.o
 .debug_frame   0x00001b1c       0x20 C:/ST/STM32CubeIDE_1.19.0/STM32CubeIDE/plugins/com.st.stm32cube.ide.mcu.externaltools.gnu-tools-for-stm32.13.3.rel1.win32_1.0.0.202411081344/tools/bin/../lib/gcc/arm-none-eabi/13.3.1/../../../../arm-none-eabi/lib/thumb/v7e-m+fp/hard\libc_nano.a(libc_a-memset.o)
 .debug_frame   0x00001b3c       0x2c C:/ST/STM32CubeIDE_1.19.0/STM32CubeIDE/plugins/com.st.stm32cube.ide.mcu.externaltools.gnu-tools-for-stm32.13.3.rel1.win32_1.0.0.202411081344/tools/bin/../lib/gcc/arm-none-eabi/13.3.1/../../../../arm-none-eabi/lib/thumb/v7e-m+fp/hard\libc_nano.a(libc_a-init.o)
 .debug_frame   0x00001b68       0x2c C:/ST/STM32CubeIDE_1.19.0/STM32CubeIDE/plugins/com.st.stm32cube.ide.mcu.externaltools.gnu-tools-for-stm32.13.3.rel1.win32_1.0.0.202411081344/tools/bin/../lib/gcc/arm-none-eabi/13.3.1/thumb/v7e-m+fp/hard\libgcc.a(_aeabi_uldivmod.o)
 .debug_frame   0x00001b94       0x34 C:/ST/STM32CubeIDE_1.19.0/STM32CubeIDE/plugins/com.st.stm32cube.ide.mcu.externaltools.gnu-tools-for-stm32.13.3.rel1.win32_1.0.0.202411081344/tools/bin/../lib/gcc/arm-none-eabi/13.3.1/thumb/v7e-m+fp/hard\libgcc.a(_udivmoddi4.o)

.debug_line_str
                0x00000000       0x56
 .debug_line_str
                0x00000000       0x56 ./Core/Startup/startup_stm32f405rgtx.o
