../Core/Src/main.c:186:5:main	16	static
../Core/Src/main.c:237:6:SystemClock_Config	88	static
../Core/Src/main.c:285:13:MX_SPI2_Init	8	static
../Core/Src/main.c:323:13:MX_GPIO_Init	48	static
../Core/Src/main.c:382:6:HAL_GPIO_EXTI_Callback	16	static
../Core/Src/main.c:393:13:cs_high	8	static
../Core/Src/main.c:398:13:cs_low	8	static
../Core/Src/main.c:403:13:ce_high	8	static
../Core/Src/main.c:408:13:ce_low	8	static
../Core/Src/main.c:413:16:read_register	32	static
../Core/Src/main.c:427:16:write_register	32	static
../Core/Src/main.c:443:6:nrf24l01p_rx_init	16	static
../Core/Src/main.c:465:6:nrf24l01p_tx_init	16	static
../Core/Src/main.c:485:6:nrf24l01p_rx_receive	16	static
../Core/Src/main.c:493:6:nrf24l01p_tx_transmit	16	static
../Core/Src/main.c:498:6:nrf24l01p_tx_irq	16	static
../Core/Src/main.c:519:6:nrf24l01p_reset	8	static
../Core/Src/main.c:550:6:nrf24l01p_prx_mode	16	static
../Core/Src/main.c:558:6:nrf24l01p_ptx_mode	16	static
../Core/Src/main.c:566:9:nrf24l01p_read_rx_fifo	32	static
../Core/Src/main.c:579:9:nrf24l01p_write_tx_fifo	32	static
../Core/Src/main.c:593:6:nrf24l01p_flush_rx_fifo	24	static
../Core/Src/main.c:603:6:nrf24l01p_flush_tx_fifo	24	static
../Core/Src/main.c:613:9:nrf24l01p_get_status	24	static
../Core/Src/main.c:625:9:nrf24l01p_get_fifo_status	8	static
../Core/Src/main.c:630:6:nrf24l01p_rx_set_payload_widths	16	static
../Core/Src/main.c:635:6:nrf24l01p_clear_rx_dr	16	static
../Core/Src/main.c:643:6:nrf24l01p_clear_tx_ds	16	static
../Core/Src/main.c:651:6:nrf24l01p_clear_max_rt	16	static
../Core/Src/main.c:659:6:nrf24l01p_power_up	16	static
../Core/Src/main.c:667:6:nrf24l01p_power_down	16	static
../Core/Src/main.c:675:6:nrf24l01p_set_crc_length	24	static
../Core/Src/main.c:694:6:nrf24l01p_set_address_widths	16	static
../Core/Src/main.c:699:6:nrf24l01p_auto_retransmit_count	24	static
../Core/Src/main.c:709:6:nrf24l01p_auto_retransmit_delay	24	static
../Core/Src/main.c:719:6:nrf24l01p_set_rf_channel	24	static
../Core/Src/main.c:725:6:nrf24l01p_set_rf_tx_output_power	24	static
../Core/Src/main.c:733:6:nrf24l01p_set_rf_air_data_rate	24	static
../Core/Src/main.c:758:6:Error_Handler	4	static,ignoring_inline_asm
