../Core/Src/main.c:182:5:main	8	static
../Core/Src/main.c:227:6:SystemClock_Config	88	static
../Core/Src/main.c:275:13:MX_SPI2_Init	8	static
../Core/Src/main.c:313:13:MX_GPIO_Init	48	static
../Core/Src/main.c:372:6:HAL_GPIO_EXTI_Callback	16	static
../Core/Src/main.c:384:13:cs_high	8	static
../Core/Src/main.c:389:13:cs_low	8	static
../Core/Src/main.c:394:13:ce_high	8	static
../Core/Src/main.c:399:13:ce_low	8	static
../Core/Src/main.c:404:16:read_register	32	static
../Core/Src/main.c:418:16:write_register	32	static
../Core/Src/main.c:434:6:nrf24l01p_rx_init	16	static
../Core/Src/main.c:456:6:nrf24l01p_tx_init	16	static
../Core/Src/main.c:476:6:nrf24l01p_rx_receive	16	static
../Core/Src/main.c:484:6:nrf24l01p_tx_transmit	16	static
../Core/Src/main.c:489:6:nrf24l01p_tx_irq	16	static
../Core/Src/main.c:510:6:nrf24l01p_reset	8	static
../Core/Src/main.c:541:6:nrf24l01p_prx_mode	16	static
../Core/Src/main.c:549:6:nrf24l01p_ptx_mode	16	static
../Core/Src/main.c:557:9:nrf24l01p_read_rx_fifo	32	static
../Core/Src/main.c:570:9:nrf24l01p_write_tx_fifo	32	static
../Core/Src/main.c:584:6:nrf24l01p_flush_rx_fifo	24	static
../Core/Src/main.c:594:6:nrf24l01p_flush_tx_fifo	24	static
../Core/Src/main.c:604:9:nrf24l01p_get_status	24	static
../Core/Src/main.c:616:9:nrf24l01p_get_fifo_status	8	static
../Core/Src/main.c:621:6:nrf24l01p_rx_set_payload_widths	16	static
../Core/Src/main.c:626:6:nrf24l01p_clear_rx_dr	16	static
../Core/Src/main.c:634:6:nrf24l01p_clear_tx_ds	16	static
../Core/Src/main.c:642:6:nrf24l01p_clear_max_rt	16	static
../Core/Src/main.c:650:6:nrf24l01p_power_up	16	static
../Core/Src/main.c:658:6:nrf24l01p_power_down	16	static
../Core/Src/main.c:666:6:nrf24l01p_set_crc_length	24	static
../Core/Src/main.c:685:6:nrf24l01p_set_address_widths	16	static
../Core/Src/main.c:690:6:nrf24l01p_auto_retransmit_count	24	static
../Core/Src/main.c:700:6:nrf24l01p_auto_retransmit_delay	24	static
../Core/Src/main.c:710:6:nrf24l01p_set_rf_channel	24	static
../Core/Src/main.c:716:6:nrf24l01p_set_rf_tx_output_power	24	static
../Core/Src/main.c:724:6:nrf24l01p_set_rf_air_data_rate	24	static
../Core/Src/main.c:748:6:Error_Handler	4	static,ignoring_inline_asm
