Archive member included to satisfy reference by file (symbol)

C:/ST/STM32CubeIDE_1.19.0/STM32CubeIDE/plugins/com.st.stm32cube.ide.mcu.externaltools.gnu-tools-for-stm32.13.3.rel1.win32_1.0.0.202411081344/tools/bin/../lib/gcc/arm-none-eabi/13.3.1/../../../../arm-none-eabi/lib/thumb/v7e-m+fp/hard\libc_nano.a(libc_a-exit.o)
                              C:/ST/STM32CubeIDE_1.19.0/STM32CubeIDE/plugins/com.st.stm32cube.ide.mcu.externaltools.gnu-tools-for-stm32.13.3.rel1.win32_1.0.0.202411081344/tools/bin/../lib/gcc/arm-none-eabi/13.3.1/../../../../arm-none-eabi/lib/thumb/v7e-m+fp/hard/crt0.o (exit)
C:/ST/STM32CubeIDE_1.19.0/STM32CubeIDE/plugins/com.st.stm32cube.ide.mcu.externaltools.gnu-tools-for-stm32.13.3.rel1.win32_1.0.0.202411081344/tools/bin/../lib/gcc/arm-none-eabi/13.3.1/../../../../arm-none-eabi/lib/thumb/v7e-m+fp/hard\libc_nano.a(libc_a-findfp.o)
                              C:/ST/STM32CubeIDE_1.19.0/STM32CubeIDE/plugins/com.st.stm32cube.ide.mcu.externaltools.gnu-tools-for-stm32.13.3.rel1.win32_1.0.0.202411081344/tools/bin/../lib/gcc/arm-none-eabi/13.3.1/../../../../arm-none-eabi/lib/thumb/v7e-m+fp/hard\libc_nano.a(libc_a-exit.o) (__stdio_exit_handler)
C:/ST/STM32CubeIDE_1.19.0/STM32CubeIDE/plugins/com.st.stm32cube.ide.mcu.externaltools.gnu-tools-for-stm32.13.3.rel1.win32_1.0.0.202411081344/tools/bin/../lib/gcc/arm-none-eabi/13.3.1/../../../../arm-none-eabi/lib/thumb/v7e-m+fp/hard\libc_nano.a(libc_a-fwalk.o)
                              C:/ST/STM32CubeIDE_1.19.0/STM32CubeIDE/plugins/com.st.stm32cube.ide.mcu.externaltools.gnu-tools-for-stm32.13.3.rel1.win32_1.0.0.202411081344/tools/bin/../lib/gcc/arm-none-eabi/13.3.1/../../../../arm-none-eabi/lib/thumb/v7e-m+fp/hard\libc_nano.a(libc_a-findfp.o) (_fwalk_sglue)
C:/ST/STM32CubeIDE_1.19.0/STM32CubeIDE/plugins/com.st.stm32cube.ide.mcu.externaltools.gnu-tools-for-stm32.13.3.rel1.win32_1.0.0.202411081344/tools/bin/../lib/gcc/arm-none-eabi/13.3.1/../../../../arm-none-eabi/lib/thumb/v7e-m+fp/hard\libc_nano.a(libc_a-stdio.o)
                              C:/ST/STM32CubeIDE_1.19.0/STM32CubeIDE/plugins/com.st.stm32cube.ide.mcu.externaltools.gnu-tools-for-stm32.13.3.rel1.win32_1.0.0.202411081344/tools/bin/../lib/gcc/arm-none-eabi/13.3.1/../../../../arm-none-eabi/lib/thumb/v7e-m+fp/hard\libc_nano.a(libc_a-findfp.o) (__sread)
C:/ST/STM32CubeIDE_1.19.0/STM32CubeIDE/plugins/com.st.stm32cube.ide.mcu.externaltools.gnu-tools-for-stm32.13.3.rel1.win32_1.0.0.202411081344/tools/bin/../lib/gcc/arm-none-eabi/13.3.1/../../../../arm-none-eabi/lib/thumb/v7e-m+fp/hard\libc_nano.a(libc_a-memset.o)
                              C:/ST/STM32CubeIDE_1.19.0/STM32CubeIDE/plugins/com.st.stm32cube.ide.mcu.externaltools.gnu-tools-for-stm32.13.3.rel1.win32_1.0.0.202411081344/tools/bin/../lib/gcc/arm-none-eabi/13.3.1/../../../../arm-none-eabi/lib/thumb/v7e-m+fp/hard/crt0.o (memset)
C:/ST/STM32CubeIDE_1.19.0/STM32CubeIDE/plugins/com.st.stm32cube.ide.mcu.externaltools.gnu-tools-for-stm32.13.3.rel1.win32_1.0.0.202411081344/tools/bin/../lib/gcc/arm-none-eabi/13.3.1/../../../../arm-none-eabi/lib/thumb/v7e-m+fp/hard\libc_nano.a(libc_a-closer.o)
                              C:/ST/STM32CubeIDE_1.19.0/STM32CubeIDE/plugins/com.st.stm32cube.ide.mcu.externaltools.gnu-tools-for-stm32.13.3.rel1.win32_1.0.0.202411081344/tools/bin/../lib/gcc/arm-none-eabi/13.3.1/../../../../arm-none-eabi/lib/thumb/v7e-m+fp/hard\libc_nano.a(libc_a-stdio.o) (_close_r)
C:/ST/STM32CubeIDE_1.19.0/STM32CubeIDE/plugins/com.st.stm32cube.ide.mcu.externaltools.gnu-tools-for-stm32.13.3.rel1.win32_1.0.0.202411081344/tools/bin/../lib/gcc/arm-none-eabi/13.3.1/../../../../arm-none-eabi/lib/thumb/v7e-m+fp/hard\libc_nano.a(libc_a-reent.o)
                              C:/ST/STM32CubeIDE_1.19.0/STM32CubeIDE/plugins/com.st.stm32cube.ide.mcu.externaltools.gnu-tools-for-stm32.13.3.rel1.win32_1.0.0.202411081344/tools/bin/../lib/gcc/arm-none-eabi/13.3.1/../../../../arm-none-eabi/lib/thumb/v7e-m+fp/hard\libc_nano.a(libc_a-closer.o) (errno)
C:/ST/STM32CubeIDE_1.19.0/STM32CubeIDE/plugins/com.st.stm32cube.ide.mcu.externaltools.gnu-tools-for-stm32.13.3.rel1.win32_1.0.0.202411081344/tools/bin/../lib/gcc/arm-none-eabi/13.3.1/../../../../arm-none-eabi/lib/thumb/v7e-m+fp/hard\libc_nano.a(libc_a-impure.o)
                              C:/ST/STM32CubeIDE_1.19.0/STM32CubeIDE/plugins/com.st.stm32cube.ide.mcu.externaltools.gnu-tools-for-stm32.13.3.rel1.win32_1.0.0.202411081344/tools/bin/../lib/gcc/arm-none-eabi/13.3.1/../../../../arm-none-eabi/lib/thumb/v7e-m+fp/hard\libc_nano.a(libc_a-reent.o) (_impure_ptr)
C:/ST/STM32CubeIDE_1.19.0/STM32CubeIDE/plugins/com.st.stm32cube.ide.mcu.externaltools.gnu-tools-for-stm32.13.3.rel1.win32_1.0.0.202411081344/tools/bin/../lib/gcc/arm-none-eabi/13.3.1/../../../../arm-none-eabi/lib/thumb/v7e-m+fp/hard\libc_nano.a(libc_a-lseekr.o)
[...]
Memory Configuration

Name             Origin             Length             Attributes
RAM              0x20000000         0x00040000         xrw
FLASH            0x08000000         0x00100000         xr
*default*        0x00000000         0xffffffff

Linker script and memory map

LOAD C:/ST/STM32CubeIDE_1.19.0/STM32CubeIDE/plugins/com.st.stm32cube.ide.mcu.externaltools.gnu-tools-for-stm32.13.3.rel1.win32_1.0.0.202411081344/tools/bin/../lib/gcc/arm-none-eabi/13.3.1/thumb/v7e-m+fp/hard/crti.o
LOAD C:/ST/STM32CubeIDE_1.19.0/STM32CubeIDE/plugins/com.st.stm32cube.ide.mcu.externaltools.gnu-tools-for-stm32.13.3.rel1.win32_1.0.0.202411081344/tools/bin/../lib/gcc/arm-none-eabi/13.3.1/thumb/v7e-m+fp/hard/crtbegin.o
LOAD C:/ST/STM32CubeIDE_1.19.0/STM32CubeIDE/plugins/com.st.stm32cube.ide.mcu.externaltools.gnu-tools-for-stm32.13.3.rel1.win32_1.0.0.202411081344/tools/bin/../lib/gcc/arm-none-eabi/13.3.1/../../../../arm-none-eabi/lib/thumb/v7e-m+fp/hard/crt0.o
LOAD ./Core/Src/main.o
LOAD ./Core/Src/nrf_tx.o
LOAD ./Core/Src/stm32f4xx_hal_msp.o
LOAD ./Core/Src/stm32f4xx_it.o
LOAD ./Core/Src/syscalls.o
LOAD ./Core/Src/sysmem.o
LOAD ./Core/Src/system_stm32f4xx.o
LOAD ./Core/Startup/startup_stm32f412rgtx.o
LOAD ./Drivers/STM32F4xx_HAL_Driver/Src/stm32f4xx_hal.o
LOAD ./Drivers/STM32F4xx_HAL_Driver/Src/stm32f4xx_hal_cortex.o
LOAD ./Drivers/STM32F4xx_HAL_Driver/Src/stm32f4xx_hal_dma.o
LOAD ./Drivers/STM32F4xx_HAL_Driver/Src/stm32f4xx_hal_dma_ex.o
LOAD ./Drivers/STM32F4xx_HAL_Driver/Src/stm32f4xx_hal_exti.o
LOAD ./Drivers/STM32F4xx_HAL_Driver/Src/stm32f4xx_hal_flash.o
LOAD ./Drivers/STM32F4xx_HAL_Driver/Src/stm32f4xx_hal_flash_ex.o
LOAD ./Drivers/STM32F4xx_HAL_Driver/Src/stm32f4xx_hal_flash_ramfunc.o
LOAD ./Drivers/STM32F4xx_HAL_Driver/Src/stm32f4xx_hal_gpio.o
LOAD ./Drivers/STM32F4xx_HAL_Driver/Src/stm32f4xx_hal_pwr.o
LOAD ./Drivers/STM32F4xx_HAL_Driver/Src/stm32f4xx_hal_pwr_ex.o
LOAD ./Drivers/STM32F4xx_HAL_Driver/Src/stm32f4xx_hal_rcc.o
LOAD ./Drivers/STM32F4xx_HAL_Driver/Src/stm32f4xx_hal_rcc_ex.o
LOAD ./Drivers/STM32F4xx_HAL_Driver/Src/stm32f4xx_hal_spi.o
START GROUP
LOAD C:/ST/STM32CubeIDE_1.19.0/STM32CubeIDE/plugins/com.st.stm32cube.ide.mcu.externaltools.gnu-tools-for-stm32.13.3.rel1.win32_1.0.0.202411081344/tools/bin/../lib/gcc/arm-none-eabi/13.3.1/../../../../arm-none-eabi/lib/thumb/v7e-m+fp/hard\libc_nano.a
LOAD C:/ST/STM32CubeIDE_1.19.0/STM32CubeIDE/plugins/com.st.stm32cube.ide.mcu.externaltools.gnu-tools-for-stm32.13.3.rel1.win32_1.0.0.202411081344/tools/bin/../lib/gcc/arm-none-eabi/13.3.1/../../../../arm-none-eabi/lib/thumb/v7e-m+fp/hard\libm.a
END GROUP
START GROUP
LOAD C:/ST/STM32CubeIDE_1.19.0/STM32CubeIDE/plugins/com.st.stm32cube.ide.mcu.externaltools.gnu-tools-for-stm32.13.3.rel1.win32_1.0.0.202411081344/tools/bin/../lib/gcc/arm-none-eabi/13.3.1/thumb/v7e-m+fp/hard\libgcc.a
LOAD C:/ST/STM32CubeIDE_1.19.0/STM32CubeIDE/plugins/com.st.stm32cube.ide.mcu.externaltools.gnu-tools-for-stm32.13.3.rel1.win32_1.0.0.202411081344/tools/bin/../lib/gcc/arm-none-eabi/13.3.1/../../../../arm-none-eabi/lib/thumb/v7e-m+fp/hard\libc_nano.a
END GROUP
START GROUP
LOAD C:/ST/STM32CubeIDE_1.19.0/STM32CubeIDE/plugins/com.st.stm32cube.ide.mcu.externaltools.gnu-tools-for-stm32.13.3.rel1.win32_1.0.0.202411081344/tools/bin/../lib/gcc/arm-none-eabi/13.3.1/thumb/v7e-m+fp/hard\libgcc.a
LOAD C:/ST/STM32CubeIDE_1.19.0/STM32CubeIDE/plugins/com.st.stm32cube.ide.mcu.externaltools.gnu-tools-for-stm32.13.3.rel1.win32_1.0.0.202411081344/tools/bin/../lib/gcc/arm-none-eabi/13.3.1/../../../../arm-none-eabi/lib/thumb/v7e-m+fp/hard\libc_nano.a
LOAD C:/ST/STM32CubeIDE_1.19.0/STM32CubeIDE/plugins/com.st.stm32cube.ide.mcu.externaltools.gnu-tools-for-stm32.13.3.rel1.win32_1.0.0.202411081344/tools/bin/../lib/gcc/arm-none-eabi/13.3.1/../../../../arm-none-eabi/lib/thumb/v7e-m+fp/hard\libnosys.a
END GROUP
START GROUP
LOAD C:/ST/STM32CubeIDE_1.19.0/STM32CubeIDE/plugins/com.st.stm32cube.ide.mcu.externaltools.gnu-tools-for-stm32.13.3.rel1.win32_1.0.0.202411081344/tools/bin/../lib/gcc/arm-none-eabi/13.3.1/thumb/v7e-m+fp/hard\libgcc.a
LOAD C:/ST/STM32CubeIDE_1.19.0/STM32CubeIDE/plugins/com.st.stm32cube.ide.mcu.externaltools.gnu-tools-for-stm32.13.3.rel1.win32_1.0.0.202411081344/tools/bin/../lib/gcc/arm-none-eabi/13.3.1/../../../../arm-none-eabi/lib/thumb/v7e-m+fp/hard\libc_nano.a
LOAD C:/ST/STM32CubeIDE_1.19.0/STM32CubeIDE/plugins/com.st.stm32cube.ide.mcu.externaltools.gnu-tools-for-stm32.13.3.rel1.win32_1.0.0.202411081344/tools/bin/../lib/gcc/arm-none-eabi/13.3.1/../../../../arm-none-eabi/lib/thumb/v7e-m+fp/hard\libnosys.a
END GROUP
LOAD C:/ST/STM32CubeIDE_1.19.0/STM32CubeIDE/plugins/com.st.stm32cube.ide.mcu.externaltools.gnu-tools-for-stm32.13.3.rel1.win32_1.0.0.202411081344/tools/bin/../lib/gcc/arm-none-eabi/13.3.1/thumb/v7e-m+fp/hard/crtend.o
LOAD C:/ST/STM32CubeIDE_1.19.0/STM32CubeIDE/plugins/com.st.stm32cube.ide.mcu.externaltools.gnu-tools-for-stm32.13.3.rel1.win32_1.0.0.202411081344/tools/bin/../lib/gcc/arm-none-eabi/13.3.1/thumb/v7e-m+fp/hard/crtn.o
                0x20040000                        _estack = (ORIGIN (RAM) + LENGTH (RAM))
                0x00000200                        _Min_Heap_Size = 0x200
                0x00000400                        _Min_Stack_Size = 0x400

.isr_vector     0x08000000      0x1c4
                0x08000000                        . = ALIGN (0x4)
 *(.isr_vector)
 .isr_vector    0x08000000      0x1c4 ./Core/Startup/startup_stm32f412rgtx.o
                0x08000000                g_pfnVectors
                0x080001c4                        . = ALIGN (0x4)

.text           0x080001c4     0x295c
                0x080001c4                        . = ALIGN (0x4)
 *(.text)
 .text          0x080001c4       0x40 C:/ST/STM32CubeIDE_1.19.0/STM32CubeIDE/plugins/com.st.stm32cube.ide.mcu.externaltools.gnu-tools-for-stm32.13.3.rel1.win32_1.0.0.202411081344/tools/bin/../lib/gcc/arm-none-eabi/13.3.1/thumb/v7e-m+fp/hard/crtbegin.o
 .text          0x08000204       0x30 C:/ST/STM32CubeIDE_1.19.0/STM32CubeIDE/plugins/com.st.stm32cube.ide.mcu.externaltools.gnu-tools-for-stm32.13.3.rel1.win32_1.0.0.202411081344/tools/bin/../lib/gcc/arm-none-eabi/13.3.1/thumb/v7e-m+fp/hard\libgcc.a(_aeabi_uldivmod.o)
                0x08000204                __aeabi_uldivmod
 .text          0x08000234      0x2f8 C:/ST/STM32CubeIDE_1.19.0/STM32CubeIDE/plugins/com.st.stm32cube.ide.mcu.externaltools.gnu-tools-for-stm32.13.3.rel1.win32_1.0.0.202411081344/tools/bin/../lib/gcc/arm-none-eabi/13.3.1/thumb/v7e-m+fp/hard\libgcc.a(_udivmoddi4.o)
                0x08000234                __udivmoddi4
 .text          0x0800052c        0x4 C:/ST/STM32CubeIDE_1.19.0/STM32CubeIDE/plugins/com.st.stm32cube.ide.mcu.externaltools.gnu-tools-for-stm32.13.3.rel1.win32_1.0.0.202411081344/tools/bin/../lib/gcc/arm-none-eabi/13.3.1/thumb/v7e-m+fp/hard\libgcc.a(_dvmd_tls.o)
                0x0800052c                __aeabi_idiv0
                0x0800052c                __aeabi_ldiv0
 *(.text*)
 .text.main     0x08000530       0x5c ./Core/Src/main.o
                0x08000530                main
 .text.SystemClock_Config
                0x0800058c       0xd4 ./Core/Src/main.o
                0x0800058c                SystemClock_Config
 .text.MX_SPI2_Init
                0x08000660       0x6c ./Core/Src/main.o
 .text.MX_GPIO_Init
                0x080006cc      0x144 ./Core/Src/main.o
 .text.HAL_GPIO_EXTI_Callback
                0x08000810       0x1e ./Core/Src/main.o
                0x08000810                HAL_GPIO_EXTI_Callback
 *fill*         0x0800082e        0x2 
 .text.cs_high  0x08000830       0x18 ./Core/Src/main.o
 .text.cs_low   0x08000848       0x18 ./Core/Src/main.o
 .text.ce_high  0x08000860       0x18 ./Core/Src/main.o
 .text.ce_low   0x08000878       0x18 ./Core/Src/main.o
 .text.read_register
                0x08000890       0x4c ./Core/Src/main.o
 .text.write_register
                0x080008dc       0x5c ./Core/Src/main.o
 .text.nrf24l01p_tx_init
                0x08000938       0x56 ./Core/Src/main.o
                0x08000938                nrf24l01p_tx_init
 .text.nrf24l01p_tx_transmit
                0x0800098e       0x16 ./Core/Src/main.o
                0x0800098e                nrf24l01p_tx_transmit
 .text.nrf24l01p_tx_irq
                0x080009a4       0x48 ./Core/Src/main.o
                0x080009a4                nrf24l01p_tx_irq
 .text.nrf24l01p_reset
                0x080009ec       0xa8 ./Core/Src/main.o
                0x080009ec                nrf24l01p_reset
 .text.nrf24l01p_ptx_mode
                0x08000a94       0x2a ./Core/Src/main.o
                0x08000a94                nrf24l01p_ptx_mode
 *fill*         0x08000abe        0x2 
 .text.nrf24l01p_write_tx_fifo
                0x08000ac0       0x48 ./Core/Src/main.o
                0x08000ac0                nrf24l01p_write_tx_fifo
 .text.nrf24l01p_flush_rx_fifo
                0x08000b08       0x30 ./Core/Src/main.o
                0x08000b08                nrf24l01p_flush_rx_fifo
 .text.nrf24l01p_flush_tx_fifo
                0x08000b38       0x30 ./Core/Src/main.o
                0x08000b38                nrf24l01p_flush_tx_fifo
 .text.nrf24l01p_get_status
                0x08000b68       0x34 ./Core/Src/main.o
                0x08000b68                nrf24l01p_get_status
 .text.nrf24l01p_clear_tx_ds
                0x08000b9c       0x28 ./Core/Src/main.o
                0x08000b9c                nrf24l01p_clear_tx_ds
 .text.nrf24l01p_clear_max_rt
                0x08000bc4       0x28 ./Core/Src/main.o
                0x08000bc4                nrf24l01p_clear_max_rt
 .text.nrf24l01p_power_up
                0x08000bec       0x2a ./Core/Src/main.o
                0x08000bec                nrf24l01p_power_up
 .text.nrf24l01p_set_crc_length
                0x08000c16       0x46 ./Core/Src/main.o
                0x08000c16                nrf24l01p_set_crc_length
 .text.nrf24l01p_set_address_widths
                0x08000c5c       0x20 ./Core/Src/main.o
                0x08000c5c                nrf24l01p_set_address_widths
 .text.nrf24l01p_auto_retransmit_count
                0x08000c7c       0x36 ./Core/Src/main.o
                0x08000c7c                nrf24l01p_auto_retransmit_count
 *fill*         0x08000cb2        0x2 
 .text.nrf24l01p_auto_retransmit_delay
                0x08000cb4       0x50 ./Core/Src/main.o
                0x08000cb4                nrf24l01p_auto_retransmit_delay
 .text.nrf24l01p_set_rf_channel
                0x08000d04       0x26 ./Core/Src/main.o
                0x08000d04                nrf24l01p_set_rf_channel
 .text.nrf24l01p_set_rf_tx_output_power
                0x08000d2a       0x3c ./Core/Src/main.o
                0x08000d2a                nrf24l01p_set_rf_tx_output_power
 .text.nrf24l01p_set_rf_air_data_rate
                0x08000d66       0x52 ./Core/Src/main.o
                0x08000d66                nrf24l01p_set_rf_air_data_rate
 .text.Error_Handler
                0x08000db8        0xc ./Core/Src/main.o
                0x08000db8                Error_Handler
 .text.HAL_MspInit
                0x08000dc4       0x50 ./Core/Src/stm32f4xx_hal_msp.o
                0x08000dc4                HAL_MspInit
 .text.HAL_SPI_MspInit
                0x08000e14       0xd0 ./Core/Src/stm32f4xx_hal_msp.o
                0x08000e14                HAL_SPI_MspInit
 .text.NMI_Handler
                0x08000ee4        0x8 ./Core/Src/stm32f4xx_it.o
                0x08000ee4                NMI_Handler
 .text.HardFault_Handler
                0x08000eec        0x8 ./Core/Src/stm32f4xx_it.o
                0x08000eec                HardFault_Handler
 .text.MemManage_Handler
                0x08000ef4        0x8 ./Core/Src/stm32f4xx_it.o
                0x08000ef4                MemManage_Handler
 .text.BusFault_Handler
                0x08000efc        0x8 ./Core/Src/stm32f4xx_it.o
                0x08000efc                BusFault_Handler
 .text.UsageFault_Handler
                0x08000f04        0x8 ./Core/Src/stm32f4xx_it.o
                0x08000f04                UsageFault_Handler
 .text.SVC_Handler
                0x08000f0c        0xe ./Core/Src/stm32f4xx_it.o
                0x08000f0c                SVC_Handler
 .text.DebugMon_Handler
                0x08000f1a        0xe ./Core/Src/stm32f4xx_it.o
                0x08000f1a                DebugMon_Handler
 .text.PendSV_Handler
                0x08000f28        0xe ./Core/Src/stm32f4xx_it.o
                0x08000f28                PendSV_Handler
 .text.SysTick_Handler
                0x08000f36        0xc ./Core/Src/stm32f4xx_it.o
                0x08000f36                SysTick_Handler
 .text.EXTI9_5_IRQHandler
                0x08000f42       0x10 ./Core/Src/stm32f4xx_it.o
                0x08000f42                EXTI9_5_IRQHandler
 *fill*         0x08000f52        0x2 
 .text.SystemInit
                0x08000f54       0x24 ./Core/Src/system_stm32f4xx.o
                0x08000f54                SystemInit
 .text.Reset_Handler
                0x08000f78       0x50 ./Core/Startup/startup_stm32f412rgtx.o
                0x08000f78                Reset_Handler
 .text.Default_Handler
                0x08000fc8        0x2 ./Core/Startup/startup_stm32f412rgtx.o
                0x08000fc8                RTC_Alarm_IRQHandler
                0x08000fc8                EXTI2_IRQHandler
                0x08000fc8                TIM8_CC_IRQHandler
                0x08000fc8                FMPI2C1_EV_IRQHandler
                0x08000fc8                SPI4_IRQHandler
                0x08000fc8                TIM1_CC_IRQHandler
                0x08000fc8                DMA2_Stream5_IRQHandler
                0x08000fc8                DMA1_Stream5_IRQHandler
                0x08000fc8                TIM6_IRQHandler
                0x08000fc8                PVD_IRQHandler
                0x08000fc8                SDIO_IRQHandler
                0x08000fc8                TAMP_STAMP_IRQHandler
                0x08000fc8                CAN2_RX1_IRQHandler
                0x08000fc8                EXTI3_IRQHandler
                0x08000fc8                TIM8_TRG_COM_TIM14_IRQHandler
                0x08000fc8                DFSDM1_FLT1_IRQHandler
                0x08000fc8                TIM1_UP_TIM10_IRQHandler
                0x08000fc8                TIM8_UP_TIM13_IRQHandler
                0x08000fc8                I2C3_ER_IRQHandler
                0x08000fc8                EXTI0_IRQHandler
                0x08000fc8                I2C2_EV_IRQHandler
                0x08000fc8                DMA1_Stream2_IRQHandler
                0x08000fc8                CAN1_RX0_IRQHandler
                0x08000fc8                FPU_IRQHandler
                0x08000fc8                CAN2_SCE_IRQHandler
                0x08000fc8                DMA2_Stream2_IRQHandler
                0x08000fc8                SPI1_IRQHandler
                0x08000fc8                TIM1_BRK_TIM9_IRQHandler
                0x08000fc8                CAN2_RX0_IRQHandler
                0x08000fc8                DMA2_Stream3_IRQHandler
                0x08000fc8                USART6_IRQHandler
                0x08000fc8                USART3_IRQHandler
                0x08000fc8                CAN1_RX1_IRQHandler
                0x08000fc8                DMA2_Stream0_IRQHandler
                0x08000fc8                TIM4_IRQHandler
                0x08000fc8                QUADSPI_IRQHandler
                0x08000fc8                I2C1_EV_IRQHandler
                0x08000fc8                DMA1_Stream6_IRQHandler
                0x08000fc8                DMA1_Stream1_IRQHandler
                0x08000fc8                TIM3_IRQHandler
                0x08000fc8                RCC_IRQHandler
                0x08000fc8                TIM8_BRK_TIM12_IRQHandler
                0x08000fc8                Default_Handler
                0x08000fc8                EXTI15_10_IRQHandler
                0x08000fc8                ADC_IRQHandler
                0x08000fc8                DMA1_Stream7_IRQHandler
                0x08000fc8                SPI5_IRQHandler
                0x08000fc8                TIM7_IRQHandler
                0x08000fc8                CAN2_TX_IRQHandler
                0x08000fc8                TIM5_IRQHandler
                0x08000fc8                DMA2_Stream7_IRQHandler
                0x08000fc8                I2C3_EV_IRQHandler
                0x08000fc8                RTC_WKUP_IRQHandler
                0x08000fc8                SPI2_IRQHandler
                0x08000fc8                DMA1_Stream0_IRQHandler
                0x08000fc8                CAN1_TX_IRQHandler
                0x08000fc8                FMPI2C1_ER_IRQHandler
                0x08000fc8                EXTI4_IRQHandler
                0x08000fc8                RNG_IRQHandler
                0x08000fc8                WWDG_IRQHandler
                0x08000fc8                TIM2_IRQHandler
                0x08000fc8                OTG_FS_WKUP_IRQHandler
                0x08000fc8                TIM1_TRG_COM_TIM11_IRQHandler
                0x08000fc8                EXTI1_IRQHandler
                0x08000fc8                USART2_IRQHandler
                0x08000fc8                DFSDM1_FLT0_IRQHandler
                0x08000fc8                I2C2_ER_IRQHandler
                0x08000fc8                DMA2_Stream1_IRQHandler
                0x08000fc8                CAN1_SCE_IRQHandler
                0x08000fc8                FLASH_IRQHandler
                0x08000fc8                DMA2_Stream4_IRQHandler
                0x08000fc8                USART1_IRQHandler
                0x08000fc8                OTG_FS_IRQHandler
                0x08000fc8                SPI3_IRQHandler
                0x08000fc8                DMA1_Stream4_IRQHandler
                0x08000fc8                I2C1_ER_IRQHandler
                0x08000fc8                DMA2_Stream6_IRQHandler
                0x08000fc8                DMA1_Stream3_IRQHandler
 *fill*         0x08000fca        0x2 
 .text.HAL_Init
                0x08000fcc       0x44 ./Drivers/STM32F4xx_HAL_Driver/Src/stm32f4xx_hal.o
                0x08000fcc                HAL_Init
 .text.HAL_InitTick
                0x08001010       0x60 ./Drivers/STM32F4xx_HAL_Driver/Src/stm32f4xx_hal.o
                0x08001010                HAL_InitTick
 .text.HAL_IncTick
                0x08001070       0x28 ./Drivers/STM32F4xx_HAL_Driver/Src/stm32f4xx_hal.o
                0x08001070                HAL_IncTick
 .text.HAL_GetTick
                0x08001098       0x18 ./Drivers/STM32F4xx_HAL_Driver/Src/stm32f4xx_hal.o
                0x08001098                HAL_GetTick
 .text.HAL_Delay
                0x080010b0       0x48 ./Drivers/STM32F4xx_HAL_Driver/Src/stm32f4xx_hal.o
                0x080010b0                HAL_Delay
 .text.__NVIC_SetPriorityGrouping
                0x080010f8       0x48 ./Drivers/STM32F4xx_HAL_Driver/Src/stm32f4xx_hal_cortex.o
 .text.__NVIC_GetPriorityGrouping
                0x08001140       0x1c ./Drivers/STM32F4xx_HAL_Driver/Src/stm32f4xx_hal_cortex.o
 .text.__NVIC_EnableIRQ
                0x0800115c       0x3c ./Drivers/STM32F4xx_HAL_Driver/Src/stm32f4xx_hal_cortex.o
 .text.__NVIC_SetPriority
                0x08001198       0x54 ./Drivers/STM32F4xx_HAL_Driver/Src/stm32f4xx_hal_cortex.o
 .text.NVIC_EncodePriority
                0x080011ec       0x66 ./Drivers/STM32F4xx_HAL_Driver/Src/stm32f4xx_hal_cortex.o
 *fill*         0x08001252        0x2 
 .text.SysTick_Config
                0x08001254       0x44 ./Drivers/STM32F4xx_HAL_Driver/Src/stm32f4xx_hal_cortex.o
 .text.HAL_NVIC_SetPriorityGrouping
                0x08001298       0x16 ./Drivers/STM32F4xx_HAL_Driver/Src/stm32f4xx_hal_cortex.o
                0x08001298                HAL_NVIC_SetPriorityGrouping
 .text.HAL_NVIC_SetPriority
                0x080012ae       0x38 ./Drivers/STM32F4xx_HAL_Driver/Src/stm32f4xx_hal_cortex.o
                0x080012ae                HAL_NVIC_SetPriority
 .text.HAL_NVIC_EnableIRQ
                0x080012e6       0x1c ./Drivers/STM32F4xx_HAL_Driver/Src/stm32f4xx_hal_cortex.o
                0x080012e6                HAL_NVIC_EnableIRQ
 .text.HAL_SYSTICK_Config
                0x08001302       0x18 ./Drivers/STM32F4xx_HAL_Driver/Src/stm32f4xx_hal_cortex.o
                0x08001302                HAL_SYSTICK_Config
 *fill*         0x0800131a        0x2 
 .text.HAL_GPIO_Init
                0x0800131c      0x2f8 ./Drivers/STM32F4xx_HAL_Driver/Src/stm32f4xx_hal_gpio.o
                0x0800131c                HAL_GPIO_Init
 .text.HAL_GPIO_WritePin
                0x08001614       0x32 ./Drivers/STM32F4xx_HAL_Driver/Src/stm32f4xx_hal_gpio.o
                0x08001614                HAL_GPIO_WritePin
 .text.HAL_GPIO_TogglePin
                0x08001646       0x34 ./Drivers/STM32F4xx_HAL_Driver/Src/stm32f4xx_hal_gpio.o
                0x08001646                HAL_GPIO_TogglePin
 *fill*         0x0800167a        0x2 
 .text.HAL_GPIO_EXTI_IRQHandler
                0x0800167c       0x30 ./Drivers/STM32F4xx_HAL_Driver/Src/stm32f4xx_hal_gpio.o
                0x0800167c                HAL_GPIO_EXTI_IRQHandler
 .text.HAL_RCC_ClockConfig
                0x080016ac      0x1cc ./Drivers/STM32F4xx_HAL_Driver/Src/stm32f4xx_hal_rcc.o
                0x080016ac                HAL_RCC_ClockConfig
 .text.HAL_RCC_GetSysClockFreq
                0x08001878      0x18c ./Drivers/STM32F4xx_HAL_Driver/Src/stm32f4xx_hal_rcc.o
                0x08001878                HAL_RCC_GetSysClockFreq
 .text.HAL_RCC_OscConfig
                0x08001a04      0x508 ./Drivers/STM32F4xx_HAL_Driver/Src/stm32f4xx_hal_rcc_ex.o
                0x08001a04                HAL_RCC_OscConfig
 .text.HAL_SPI_Init
                0x08001f0c      0x112 ./Drivers/STM32F4xx_HAL_Driver/Src/stm32f4xx_hal_spi.o
                0x08001f0c                HAL_SPI_Init
 .text.HAL_SPI_Transmit
                0x0800201e      0x288 ./Drivers/STM32F4xx_HAL_Driver/Src/stm32f4xx_hal_spi.o
                0x0800201e                HAL_SPI_Transmit
 .text.HAL_SPI_Receive
                0x080022a6      0x232 ./Drivers/STM32F4xx_HAL_Driver/Src/stm32f4xx_hal_spi.o
                0x080022a6                HAL_SPI_Receive
 .text.HAL_SPI_TransmitReceive
                0x080024d8      0x352 ./Drivers/STM32F4xx_HAL_Driver/Src/stm32f4xx_hal_spi.o
                0x080024d8                HAL_SPI_TransmitReceive
 *fill*         0x0800282a        0x2 
 .text.SPI_WaitFlagStateUntilTimeout
                0x0800282c      0x110 ./Drivers/STM32F4xx_HAL_Driver/Src/stm32f4xx_hal_spi.o
 .text.SPI_EndRxTransaction
                0x0800293c       0xca ./Drivers/STM32F4xx_HAL_Driver/Src/stm32f4xx_hal_spi.o
 *fill*         0x08002a06        0x2 
 .text.SPI_EndRxTxTransaction
                0x08002a08       0xa8 ./Drivers/STM32F4xx_HAL_Driver/Src/stm32f4xx_hal_spi.o
 .text.memset   0x08002ab0       0x10 C:/ST/STM32CubeIDE_1.19.0/STM32CubeIDE/plugins/com.st.stm32cube.ide.mcu.externaltools.gnu-tools-for-stm32.13.3.rel1.win32_1.0.0.202411081344/tools/bin/../lib/gcc/arm-none-eabi/13.3.1/../../../../arm-none-eabi/lib/thumb/v7e-m+fp/hard\libc_nano.a(libc_a-memset.o)
                0x08002ab0                memset
 .text.__libc_init_array
                0x08002ac0       0x48 C:/ST/STM32CubeIDE_1.19.0/STM32CubeIDE/plugins/com.st.stm32cube.ide.mcu.externaltools.gnu-tools-for-stm32.13.3.rel1.win32_1.0.0.202411081344/tools/bin/../lib/gcc/arm-none-eabi/13.3.1/../../../../arm-none-eabi/lib/thumb/v7e-m+fp/hard\libc_nano.a(libc_a-init.o)
                0x08002ac0                __libc_init_array
 *(.glue_7)
 .glue_7        0x08002b08        0x0 linker stubs
 *(.glue_7t)
 .glue_7t       0x08002b08        0x0 linker stubs
 *(.eh_frame)
 .eh_frame      0x08002b08        0x0 C:/ST/STM32CubeIDE_1.19.0/STM32CubeIDE/plugins/com.st.stm32cube.ide.mcu.externaltools.gnu-tools-for-stm32.13.3.rel1.win32_1.0.0.202411081344/tools/bin/../lib/gcc/arm-none-eabi/13.3.1/thumb/v7e-m+fp/hard/crtbegin.o
 *(.init)
 .init          0x08002b08        0x4 C:/ST/STM32CubeIDE_1.19.0/STM32CubeIDE/plugins/com.st.stm32cube.ide.mcu.externaltools.gnu-tools-for-stm32.13.3.rel1.win32_1.0.0.202411081344/tools/bin/../lib/gcc/arm-none-eabi/13.3.1/thumb/v7e-m+fp/hard/crti.o
                0x08002b08                _init
 .init          0x08002b0c        0x8 C:/ST/STM32CubeIDE_1.19.0/STM32CubeIDE/plugins/com.st.stm32cube.ide.mcu.externaltools.gnu-tools-for-stm32.13.3.rel1.win32_1.0.0.202411081344/tools/bin/../lib/gcc/arm-none-eabi/13.3.1/thumb/v7e-m+fp/hard/crtn.o
 *(.fini)
 .fini          0x08002b14        0x4 C:/ST/STM32CubeIDE_1.19.0/STM32CubeIDE/plugins/com.st.stm32cube.ide.mcu.externaltools.gnu-tools-for-stm32.13.3.rel1.win32_1.0.0.202411081344/tools/bin/../lib/gcc/arm-none-eabi/13.3.1/thumb/v7e-m+fp/hard/crti.o
                0x08002b14                _fini
 .fini          0x08002b18        0x8 C:/ST/STM32CubeIDE_1.19.0/STM32CubeIDE/plugins/com.st.stm32cube.ide.mcu.externaltools.gnu-tools-for-stm32.13.3.rel1.win32_1.0.0.202411081344/tools/bin/../lib/gcc/arm-none-eabi/13.3.1/thumb/v7e-m+fp/hard/crtn.o
                0x08002b20                        . = ALIGN (0x4)
                0x08002b20                        _etext = .

.vfp11_veneer   0x08002b20        0x0
 .vfp11_veneer  0x08002b20        0x0 linker stubs

.v4_bx          0x08002b20        0x0
 .v4_bx         0x08002b20        0x0 linker stubs

.iplt           0x08002b20        0x0
 .iplt          0x08002b20        0x0 C:/ST/STM32CubeIDE_1.19.0/STM32CubeIDE/plugins/com.st.stm32cube.ide.mcu.externaltools.gnu-tools-for-stm32.13.3.rel1.win32_1.0.0.202411081344/tools/bin/../lib/gcc/arm-none-eabi/13.3.1/thumb/v7e-m+fp/hard/crtbegin.o

.rodata         0x08002b20       0x10
                0x08002b20                        . = ALIGN (0x4)
 *(.rodata)
 *(.rodata*)
 .rodata.AHBPrescTable
                0x08002b20       0x10 ./Core/Src/system_stm32f4xx.o
                0x08002b20                AHBPrescTable
                0x08002b30                        . = ALIGN (0x4)

.ARM.extab      0x08002b30        0x0
                0x08002b30                        . = ALIGN (0x4)
 *(.ARM.extab* .gnu.linkonce.armextab.*)
                0x08002b30                        . = ALIGN (0x4)

.ARM            0x08002b30        0x8
                0x08002b30                        . = ALIGN (0x4)
                0x08002b30                        __exidx_start = .
 *(.ARM.exidx*)
 .ARM.exidx     0x08002b30        0x8 C:/ST/STM32CubeIDE_1.19.0/STM32CubeIDE/plugins/com.st.stm32cube.ide.mcu.externaltools.gnu-tools-for-stm32.13.3.rel1.win32_1.0.0.202411081344/tools/bin/../lib/gcc/arm-none-eabi/13.3.1/thumb/v7e-m+fp/hard\libgcc.a(_udivmoddi4.o)
                0x08002b38                        __exidx_end = .
                0x08002b38                        . = ALIGN (0x4)

.preinit_array  0x08002b38        0x0
                0x08002b38                        . = ALIGN (0x4)
                0x08002b38                        PROVIDE (__preinit_array_start = .)
 *(.preinit_array*)
                0x08002b38                        PROVIDE (__preinit_array_end = .)
                0x08002b38                        . = ALIGN (0x4)

.init_array     0x08002b38        0x4
                0x08002b38                        . = ALIGN (0x4)
                0x08002b38                        PROVIDE (__init_array_start = .)
 *(SORT_BY_NAME(.init_array.*))
 *(.init_array*)
 .init_array    0x08002b38        0x4 C:/ST/STM32CubeIDE_1.19.0/STM32CubeIDE/plugins/com.st.stm32cube.ide.mcu.externaltools.gnu-tools-for-stm32.13.3.rel1.win32_1.0.0.202411081344/tools/bin/../lib/gcc/arm-none-eabi/13.3.1/thumb/v7e-m+fp/hard/crtbegin.o
                0x08002b3c                        PROVIDE (__init_array_end = .)
                0x08002b3c                        . = ALIGN (0x4)

.fini_array     0x08002b3c        0x4
                0x08002b3c                        . = ALIGN (0x4)
                [!provide]                        PROVIDE (__fini_array_start = .)
 *(SORT_BY_NAME(.fini_array.*))
 *(.fini_array*)
 .fini_array    0x08002b3c        0x4 C:/ST/STM32CubeIDE_1.19.0/STM32CubeIDE/plugins/com.st.stm32cube.ide.mcu.externaltools.gnu-tools-for-stm32.13.3.rel1.win32_1.0.0.202411081344/tools/bin/../lib/gcc/arm-none-eabi/13.3.1/thumb/v7e-m+fp/hard/crtbegin.o
                [!provide]                        PROVIDE (__fini_array_end = .)
                0x08002b40                        . = ALIGN (0x4)
                0x08002b40                        _sidata = LOADADDR (.data)

.rel.dyn        0x08002b40        0x0
 .rel.iplt      0x08002b40        0x0 C:/ST/STM32CubeIDE_1.19.0/STM32CubeIDE/plugins/com.st.stm32cube.ide.mcu.externaltools.gnu-tools-for-stm32.13.3.rel1.win32_1.0.0.202411081344/tools/bin/../lib/gcc/arm-none-eabi/13.3.1/thumb/v7e-m+fp/hard/crtbegin.o

.data           0x20000000       0x14 load address 0x08002b40
                0x20000000                        . = ALIGN (0x4)
                0x20000000                        _sdata = .
 *(.data)
 *(.data*)
 .data.tx_data  0x20000000        0x8 ./Core/Src/main.o
                0x20000000                tx_data
 .data.SystemCoreClock
                0x20000008        0x4 ./Core/Src/system_stm32f4xx.o
                0x20000008                SystemCoreClock
 .data.uwTickPrio
                0x2000000c        0x4 ./Drivers/STM32F4xx_HAL_Driver/Src/stm32f4xx_hal.o
                0x2000000c                uwTickPrio
 .data.uwTickFreq
                0x20000010        0x1 ./Drivers/STM32F4xx_HAL_Driver/Src/stm32f4xx_hal.o
                0x20000010                uwTickFreq
 *(.RamFunc)
 *(.RamFunc*)
                0x20000014                        . = ALIGN (0x4)
 *fill*         0x20000011        0x3 
                0x20000014                        _edata = .

.igot.plt       0x20000014        0x0 load address 0x08002b54
 .igot.plt      0x20000014        0x0 C:/ST/STM32CubeIDE_1.19.0/STM32CubeIDE/plugins/com.st.stm32cube.ide.mcu.externaltools.gnu-tools-for-stm32.13.3.rel1.win32_1.0.0.202411081344/tools/bin/../lib/gcc/arm-none-eabi/13.3.1/thumb/v7e-m+fp/hard/crtbegin.o
                0x20000014                        . = ALIGN (0x4)

.bss            0x20000014       0x78 load address 0x08002b54
                0x20000014                        _sbss = .
                0x20000014                        __bss_start__ = _sbss
 *(.bss)
 .bss           0x20000014       0x1c C:/ST/STM32CubeIDE_1.19.0/STM32CubeIDE/plugins/com.st.stm32cube.ide.mcu.externaltools.gnu-tools-for-stm32.13.3.rel1.win32_1.0.0.202411081344/tools/bin/../lib/gcc/arm-none-eabi/13.3.1/thumb/v7e-m+fp/hard/crtbegin.o
 *(.bss*)
 .bss.hspi2     0x20000030       0x58 ./Core/Src/main.o
                0x20000030                hspi2
 .bss.uwTick    0x20000088        0x4 ./Drivers/STM32F4xx_HAL_Driver/Src/stm32f4xx_hal.o
                0x20000088                uwTick
 *(COMMON)
                0x2000008c                        . = ALIGN (0x4)
                0x2000008c                        _ebss = .
                0x2000008c                        __bss_end__ = _ebss

._user_heap_stack
                0x2000008c      0x604 load address 0x08002b54
                0x20000090                        . = ALIGN (0x8)
 *fill*         0x2000008c        0x4 
                [!provide]                        PROVIDE (end = .)
                0x20000090                        PROVIDE (_end = .)
                0x20000290                        . = (. + _Min_Heap_Size)
 *fill*         0x20000090      0x200 
                0x20000690                        . = (. + _Min_Stack_Size)
 *fill*         0x20000290      0x400 
                0x20000690                        . = ALIGN (0x8)

/DISCARD/
 libc.a(*)
 libm.a(*)
 libgcc.a(*)

.ARM.attributes
                0x00000000       0x30
 *(.ARM.attributes)
 .ARM.attributes
                0x00000000       0x22 C:/ST/STM32CubeIDE_1.19.0/STM32CubeIDE/plugins/com.st.stm32cube.ide.mcu.externaltools.gnu-tools-for-stm32.13.3.rel1.win32_1.0.0.202411081344/tools/bin/../lib/gcc/arm-none-eabi/13.3.1/thumb/v7e-m+fp/hard/crti.o
 .ARM.attributes
                0x00000022       0x34 C:/ST/STM32CubeIDE_1.19.0/STM32CubeIDE/plugins/com.st.stm32cube.ide.mcu.externaltools.gnu-tools-for-stm32.13.3.rel1.win32_1.0.0.202411081344/tools/bin/../lib/gcc/arm-none-eabi/13.3.1/thumb/v7e-m+fp/hard/crtbegin.o
 .ARM.attributes
                0x00000056       0x34 ./Core/Src/main.o
 .ARM.attributes
                0x0000008a       0x34 ./Core/Src/stm32f4xx_hal_msp.o
 .ARM.attributes
                0x000000be       0x34 ./Core/Src/stm32f4xx_it.o
 .ARM.attributes
                0x000000f2       0x34 ./Core/Src/system_stm32f4xx.o
 .ARM.attributes
                0x00000126       0x21 ./Core/Startup/startup_stm32f412rgtx.o
 .ARM.attributes
                0x00000147       0x34 ./Drivers/STM32F4xx_HAL_Driver/Src/stm32f4xx_hal.o
 .ARM.attributes
                0x0000017b       0x34 ./Drivers/STM32F4xx_HAL_Driver/Src/stm32f4xx_hal_cortex.o
 .ARM.attributes
                0x000001af       0x34 ./Drivers/STM32F4xx_HAL_Driver/Src/stm32f4xx_hal_gpio.o
 .ARM.attributes
                0x000001e3       0x34 ./Drivers/STM32F4xx_HAL_Driver/Src/stm32f4xx_hal_rcc.o
 .ARM.attributes
                0x00000217       0x34 ./Drivers/STM32F4xx_HAL_Driver/Src/stm32f4xx_hal_rcc_ex.o
 .ARM.attributes
                0x0000024b       0x34 ./Drivers/STM32F4xx_HAL_Driver/Src/stm32f4xx_hal_spi.o
 .ARM.attributes
                0x0000027f       0x34 C:/ST/STM32CubeIDE_1.19.0/STM32CubeIDE/plugins/com.st.stm32cube.ide.mcu.externaltools.gnu-tools-for-stm32.13.3.rel1.win32_1.0.0.202411081344/tools/bin/../lib/gcc/arm-none-eabi/13.3.1/../../../../arm-none-eabi/lib/thumb/v7e-m+fp/hard\libc_nano.a(libc_a-memset.o)
 .ARM.attributes
                0x000002b3       0x34 C:/ST/STM32CubeIDE_1.19.0/STM32CubeIDE/plugins/com.st.stm32cube.ide.mcu.externaltools.gnu-tools-for-stm32.13.3.rel1.win32_1.0.0.202411081344/tools/bin/../lib/gcc/arm-none-eabi/13.3.1/../../../../arm-none-eabi/lib/thumb/v7e-m+fp/hard\libc_nano.a(libc_a-init.o)
 .ARM.attributes
                0x000002e7       0x22 C:/ST/STM32CubeIDE_1.19.0/STM32CubeIDE/plugins/com.st.stm32cube.ide.mcu.externaltools.gnu-tools-for-stm32.13.3.rel1.win32_1.0.0.202411081344/tools/bin/../lib/gcc/arm-none-eabi/13.3.1/thumb/v7e-m+fp/hard\libgcc.a(_aeabi_uldivmod.o)
 .ARM.attributes
                0x00000309       0x34 C:/ST/STM32CubeIDE_1.19.0/STM32CubeIDE/plugins/com.st.stm32cube.ide.mcu.externaltools.gnu-tools-for-stm32.13.3.rel1.win32_1.0.0.202411081344/tools/bin/../lib/gcc/arm-none-eabi/13.3.1/thumb/v7e-m+fp/hard\libgcc.a(_udivmoddi4.o)
 .ARM.attributes
                0x0000033d       0x22 C:/ST/STM32CubeIDE_1.19.0/STM32CubeIDE/plugins/com.st.stm32cube.ide.mcu.externaltools.gnu-tools-for-stm32.13.3.rel1.win32_1.0.0.202411081344/tools/bin/../lib/gcc/arm-none-eabi/13.3.1/thumb/v7e-m+fp/hard\libgcc.a(_dvmd_tls.o)
 .ARM.attributes
                0x0000035f       0x22 C:/ST/STM32CubeIDE_1.19.0/STM32CubeIDE/plugins/com.st.stm32cube.ide.mcu.externaltools.gnu-tools-for-stm32.13.3.rel1.win32_1.0.0.202411081344/tools/bin/../lib/gcc/arm-none-eabi/13.3.1/thumb/v7e-m+fp/hard/crtn.o
OUTPUT(nrf_tx.elf elf32-littlearm)
LOAD linker stubs
LOAD C:/ST/STM32CubeIDE_1.19.0/STM32CubeIDE/plugins/com.st.stm32cube.ide.mcu.externaltools.gnu-tools-for-stm32.13.3.rel1.win32_1.0.0.202411081344/tools/bin/../lib/gcc/arm-none-eabi/13.3.1/../../../../arm-none-eabi/lib/thumb/v7e-m+fp/hard\libc.a
LOAD C:/ST/STM32CubeIDE_1.19.0/STM32CubeIDE/plugins/com.st.stm32cube.ide.mcu.externaltools.gnu-tools-for-stm32.13.3.rel1.win32_1.0.0.202411081344/tools/bin/../lib/gcc/arm-none-eabi/13.3.1/../../../../arm-none-eabi/lib/thumb/v7e-m+fp/hard\libm.a
LOAD C:/ST/STM32CubeIDE_1.19.0/STM32CubeIDE/plugins/com.st.stm32cube.ide.mcu.externaltools.gnu-tools-for-stm32.13.3.rel1.win32_1.0.0.202411081344/tools/bin/../lib/gcc/arm-none-eabi/13.3.1/thumb/v7e-m+fp/hard\libgcc.a

.debug_info     0x00000000     0x69bf
 .debug_info    0x00000000     0x15bf ./Core/Src/main.o
 .debug_info    0x000015bf      0x965 ./Core/Src/stm32f4xx_hal_msp.o
 .debug_info    0x00001f24      0x14a ./Core/Src/stm32f4xx_it.o
 .debug_info    0x0000206e      0x54a ./Core/Src/system_stm32f4xx.o
 .debug_info    0x000025b8       0x30 ./Core/Startup/startup_stm32f412rgtx.o
 .debug_info    0x000025e8      0x96a ./Drivers/STM32F4xx_HAL_Driver/Src/stm32f4xx_hal.o
 .debug_info    0x00002f52      0xd7a ./Drivers/STM32F4xx_HAL_Driver/Src/stm32f4xx_hal_cortex.o
 .debug_info    0x00003ccc      0x70b ./Drivers/STM32F4xx_HAL_Driver/Src/stm32f4xx_hal_gpio.o
 .debug_info    0x000043d7      0x8ff ./Drivers/STM32F4xx_HAL_Driver/Src/stm32f4xx_hal_rcc.o
 .debug_info    0x00004cd6      0x7c4 ./Drivers/STM32F4xx_HAL_Driver/Src/stm32f4xx_hal_rcc_ex.o
 .debug_info    0x0000549a     0x1525 ./Drivers/STM32F4xx_HAL_Driver/Src/stm32f4xx_hal_spi.o

.debug_abbrev   0x00000000     0x14f4
 .debug_abbrev  0x00000000      0x346 ./Core/Src/main.o
 .debug_abbrev  0x00000346      0x1ae ./Core/Src/stm32f4xx_hal_msp.o
 .debug_abbrev  0x000004f4       0xa0 ./Core/Src/stm32f4xx_it.o
 .debug_abbrev  0x00000594      0x11a ./Core/Src/system_stm32f4xx.o
 .debug_abbrev  0x000006ae       0x24 ./Core/Startup/startup_stm32f412rgtx.o
 .debug_abbrev  0x000006d2      0x214 ./Drivers/STM32F4xx_HAL_Driver/Src/stm32f4xx_hal.o
 .debug_abbrev  0x000008e6      0x31d ./Drivers/STM32F4xx_HAL_Driver/Src/stm32f4xx_hal_cortex.o
 .debug_abbrev  0x00000c03      0x1d4 ./Drivers/STM32F4xx_HAL_Driver/Src/stm32f4xx_hal_gpio.o
 .debug_abbrev  0x00000dd7      0x2b7 ./Drivers/STM32F4xx_HAL_Driver/Src/stm32f4xx_hal_rcc.o
 .debug_abbrev  0x0000108e      0x1ec ./Drivers/STM32F4xx_HAL_Driver/Src/stm32f4xx_hal_rcc_ex.o
 .debug_abbrev  0x0000127a      0x27a ./Drivers/STM32F4xx_HAL_Driver/Src/stm32f4xx_hal_spi.o

.debug_aranges  0x00000000      0x768
 .debug_aranges
                0x00000000      0x150 ./Core/Src/main.o
 .debug_aranges
                0x00000150       0x30 ./Core/Src/stm32f4xx_hal_msp.o
 .debug_aranges
                0x00000180       0x68 ./Core/Src/stm32f4xx_it.o
 .debug_aranges
                0x000001e8       0x28 ./Core/Src/system_stm32f4xx.o
 .debug_aranges
                0x00000210       0x28 ./Core/Startup/startup_stm32f412rgtx.o
 .debug_aranges
                0x00000238       0xf0 ./Drivers/STM32F4xx_HAL_Driver/Src/stm32f4xx_hal.o
 .debug_aranges
                0x00000328      0x130 ./Drivers/STM32F4xx_HAL_Driver/Src/stm32f4xx_hal_cortex.o
 .debug_aranges
                0x00000458       0x58 ./Drivers/STM32F4xx_HAL_Driver/Src/stm32f4xx_hal_gpio.o
 .debug_aranges
                0x000004b0       0x88 ./Drivers/STM32F4xx_HAL_Driver/Src/stm32f4xx_hal_rcc.o
 .debug_aranges
                0x00000538       0x60 ./Drivers/STM32F4xx_HAL_Driver/Src/stm32f4xx_hal_rcc_ex.o
 .debug_aranges
                0x00000598      0x1d0 ./Drivers/STM32F4xx_HAL_Driver/Src/stm32f4xx_hal_spi.o

.debug_rnglists
                0x00000000      0x583
 .debug_rnglists
                0x00000000       0xfa ./Core/Src/main.o
 .debug_rnglists
                0x000000fa       0x20 ./Core/Src/stm32f4xx_hal_msp.o
 .debug_rnglists
                0x0000011a       0x49 ./Core/Src/stm32f4xx_it.o
 .debug_rnglists
                0x00000163       0x1a ./Core/Src/system_stm32f4xx.o
 .debug_rnglists
                0x0000017d       0x19 ./Core/Startup/startup_stm32f412rgtx.o
 .debug_rnglists
                0x00000196       0xaf ./Drivers/STM32F4xx_HAL_Driver/Src/stm32f4xx_hal.o
 .debug_rnglists
                0x00000245       0xe0 ./Drivers/STM32F4xx_HAL_Driver/Src/stm32f4xx_hal_cortex.o
 .debug_rnglists
                0x00000325       0x3f ./Drivers/STM32F4xx_HAL_Driver/Src/stm32f4xx_hal_gpio.o
 .debug_rnglists
                0x00000364       0x66 ./Drivers/STM32F4xx_HAL_Driver/Src/stm32f4xx_hal_rcc.o
 .debug_rnglists
                0x000003ca       0x4a ./Drivers/STM32F4xx_HAL_Driver/Src/stm32f4xx_hal_rcc_ex.o
 .debug_rnglists
                0x00000414      0x16f ./Drivers/STM32F4xx_HAL_Driver/Src/stm32f4xx_hal_spi.o

.debug_macro    0x00000000    0x1ddd4
 .debug_macro   0x00000000      0x2e4 ./Core/Src/main.o
 .debug_macro   0x000002e4      0xad8 ./Core/Src/main.o
 .debug_macro   0x00000dbc      0x295 ./Core/Src/main.o
 .debug_macro   0x00001051       0x2e ./Core/Src/main.o
 .debug_macro   0x0000107f       0x28 ./Core/Src/main.o
 .debug_macro   0x000010a7       0x22 ./Core/Src/main.o
 .debug_macro   0x000010c9       0x8e ./Core/Src/main.o
 .debug_macro   0x00001157       0x51 ./Core/Src/main.o
 .debug_macro   0x000011a8      0x103 ./Core/Src/main.o
 .debug_macro   0x000012ab       0x6a ./Core/Src/main.o
 .debug_macro   0x00001315      0x1df ./Core/Src/main.o
 .debug_macro   0x000014f4       0x1c ./Core/Src/main.o
 .debug_macro   0x00001510       0x22 ./Core/Src/main.o
 .debug_macro   0x00001532       0xfb ./Core/Src/main.o
 .debug_macro   0x0000162d     0x1011 ./Core/Src/main.o
 .debug_macro   0x0000263e      0x11f ./Core/Src/main.o
 .debug_macro   0x0000275d    0x146b1 ./Core/Src/main.o
 .debug_macro   0x00016e0e       0x6d ./Core/Src/main.o
 .debug_macro   0x00016e7b     0x3693 ./Core/Src/main.o
 .debug_macro   0x0001a50e      0x190 ./Core/Src/main.o
 .debug_macro   0x0001a69e       0x5c ./Core/Src/main.o
 .debug_macro   0x0001a6fa      0x902 ./Core/Src/main.o
 .debug_macro   0x0001affc      0x9e9 ./Core/Src/main.o
 .debug_macro   0x0001b9e5      0x115 ./Core/Src/main.o
 .debug_macro   0x0001bafa      0x192 ./Core/Src/main.o
 .debug_macro   0x0001bc8c       0xa5 ./Core/Src/main.o
 .debug_macro   0x0001bd31      0x158 ./Core/Src/main.o
 .debug_macro   0x0001be89      0x287 ./Core/Src/main.o
 .debug_macro   0x0001c110       0x5f ./Core/Src/main.o
 .debug_macro   0x0001c16f      0x236 ./Core/Src/main.o
 .debug_macro   0x0001c3a5      0x132 ./Core/Src/main.o
 .debug_macro   0x0001c4d7      0x29c ./Core/Src/main.o
 .debug_macro   0x0001c773       0x2e ./Core/Src/main.o
 .debug_macro   0x0001c7a1      0x127 ./Core/Src/main.o
 .debug_macro   0x0001c8c8       0x91 ./Core/Src/main.o
 .debug_macro   0x0001c959       0x89 ./Core/Src/main.o
 .debug_macro   0x0001c9e2      0x225 ./Core/Src/main.o
 .debug_macro   0x0001cc07      0x126 ./Core/Src/main.o
 .debug_macro   0x0001cd2d       0x3a ./Core/Src/main.o
 .debug_macro   0x0001cd67       0x22 ./Core/Src/main.o
 .debug_macro   0x0001cd89      0x1c9 ./Core/Src/stm32f4xx_hal_msp.o
 .debug_macro   0x0001cf52      0x1d3 ./Core/Src/stm32f4xx_it.o
 .debug_macro   0x0001d125      0x1ba ./Core/Src/system_stm32f4xx.o
 .debug_macro   0x0001d2df      0x21a ./Drivers/STM32F4xx_HAL_Driver/Src/stm32f4xx_hal.o
 .debug_macro   0x0001d4f9      0x1ba ./Drivers/STM32F4xx_HAL_Driver/Src/stm32f4xx_hal_cortex.o
 .debug_macro   0x0001d6b3      0x1c0 ./Drivers/STM32F4xx_HAL_Driver/Src/stm32f4xx_hal_gpio.o
 .debug_macro   0x0001d873      0x1de ./Drivers/STM32F4xx_HAL_Driver/Src/stm32f4xx_hal_rcc.o
 .debug_macro   0x0001da51      0x1ba ./Drivers/STM32F4xx_HAL_Driver/Src/stm32f4xx_hal_rcc_ex.o
 .debug_macro   0x0001dc0b      0x1c9 ./Drivers/STM32F4xx_HAL_Driver/Src/stm32f4xx_hal_spi.o

.debug_line     0x00000000     0x815c
 .debug_line    0x00000000      0xc86 ./Core/Src/main.o
 .debug_line    0x00000c86      0x773 ./Core/Src/stm32f4xx_hal_msp.o
 .debug_line    0x000013f9      0x7db ./Core/Src/stm32f4xx_it.o
 .debug_line    0x00001bd4      0x78a ./Core/Src/system_stm32f4xx.o
 .debug_line    0x0000235e       0x7a ./Core/Startup/startup_stm32f412rgtx.o
 .debug_line    0x000023d8      0xa06 ./Drivers/STM32F4xx_HAL_Driver/Src/stm32f4xx_hal.o
 .debug_line    0x00002dde      0xcd6 ./Drivers/STM32F4xx_HAL_Driver/Src/stm32f4xx_hal_cortex.o
 .debug_line    0x00003ab4      0xb0e ./Drivers/STM32F4xx_HAL_Driver/Src/stm32f4xx_hal_gpio.o
 .debug_line    0x000045c2      0xe1f ./Drivers/STM32F4xx_HAL_Driver/Src/stm32f4xx_hal_rcc.o
 .debug_line    0x000053e1     0x10da ./Drivers/STM32F4xx_HAL_Driver/Src/stm32f4xx_hal_rcc_ex.o
 .debug_line    0x000064bb     0x1ca1 ./Drivers/STM32F4xx_HAL_Driver/Src/stm32f4xx_hal_spi.o

.debug_str      0x00000000    0xb5cb2
 .debug_str     0x00000000    0xb5cb2 ./Core/Src/main.o
                              0xb4985 (size before relaxing)
 .debug_str     0x000b5cb2    0xb38dd ./Core/Src/stm32f4xx_hal_msp.o
 .debug_str     0x000b5cb2    0xb3384 ./Core/Src/stm32f4xx_it.o
 .debug_str     0x000b5cb2    0xb33d1 ./Core/Src/system_stm32f4xx.o
 .debug_str     0x000b5cb2       0x7e ./Core/Startup/startup_stm32f412rgtx.o
 .debug_str     0x000b5cb2    0xb3f2f ./Drivers/STM32F4xx_HAL_Driver/Src/stm32f4xx_hal.o
 .debug_str     0x000b5cb2    0xb3c87 ./Drivers/STM32F4xx_HAL_Driver/Src/stm32f4xx_hal_cortex.o
 .debug_str     0x000b5cb2    0xb3552 ./Drivers/STM32F4xx_HAL_Driver/Src/stm32f4xx_hal_gpio.o
 .debug_str     0x000b5cb2    0xb380a ./Drivers/STM32F4xx_HAL_Driver/Src/stm32f4xx_hal_rcc.o
 .debug_str     0x000b5cb2    0xb370a ./Drivers/STM32F4xx_HAL_Driver/Src/stm32f4xx_hal_rcc_ex.o
 .debug_str     0x000b5cb2    0xb3c6b ./Drivers/STM32F4xx_HAL_Driver/Src/stm32f4xx_hal_spi.o

.comment        0x00000000       0x43
 .comment       0x00000000       0x43 ./Core/Src/main.o
                                 0x44 (size before relaxing)
 .comment       0x00000043       0x44 ./Core/Src/stm32f4xx_hal_msp.o
 .comment       0x00000043       0x44 ./Core/Src/stm32f4xx_it.o
 .comment       0x00000043       0x44 ./Core/Src/system_stm32f4xx.o
 .comment       0x00000043       0x44 ./Drivers/STM32F4xx_HAL_Driver/Src/stm32f4xx_hal.o
 .comment       0x00000043       0x44 ./Drivers/STM32F4xx_HAL_Driver/Src/stm32f4xx_hal_cortex.o
 .comment       0x00000043       0x44 ./Drivers/STM32F4xx_HAL_Driver/Src/stm32f4xx_hal_gpio.o
 .comment       0x00000043       0x44 ./Drivers/STM32F4xx_HAL_Driver/Src/stm32f4xx_hal_rcc.o
 .comment       0x00000043       0x44 ./Drivers/STM32F4xx_HAL_Driver/Src/stm32f4xx_hal_rcc_ex.o
 .comment       0x00000043       0x44 ./Drivers/STM32F4xx_HAL_Driver/Src/stm32f4xx_hal_spi.o

.debug_frame    0x00000000     0x1d38
 .debug_frame   0x00000000      0x544 ./Core/Src/main.o
 .debug_frame   0x00000544       0x80 ./Core/Src/stm32f4xx_hal_msp.o
 .debug_frame   0x000005c4      0x120 ./Core/Src/stm32f4xx_it.o
 .debug_frame   0x000006e4       0x58 ./Core/Src/system_stm32f4xx.o
 .debug_frame   0x0000073c      0x374 ./Drivers/STM32F4xx_HAL_Driver/Src/stm32f4xx_hal.o
 .debug_frame   0x00000ab0      0x508 ./Drivers/STM32F4xx_HAL_Driver/Src/stm32f4xx_hal_cortex.o
 .debug_frame   0x00000fb8      0x14c ./Drivers/STM32F4xx_HAL_Driver/Src/stm32f4xx_hal_gpio.o
 .debug_frame   0x00001104      0x1f4 ./Drivers/STM32F4xx_HAL_Driver/Src/stm32f4xx_hal_rcc.o
 .debug_frame   0x000012f8      0x16c ./Drivers/STM32F4xx_HAL_Driver/Src/stm32f4xx_hal_rcc_ex.o
 .debug_frame   0x00001464      0x828 ./Drivers/STM32F4xx_HAL_Driver/Src/stm32f4xx_hal_spi.o
 .debug_frame   0x00001c8c       0x20 C:/ST/STM32CubeIDE_1.19.0/STM32CubeIDE/plugins/com.st.stm32cube.ide.mcu.externaltools.gnu-tools-for-stm32.13.3.rel1.win32_1.0.0.202411081344/tools/bin/../lib/gcc/arm-none-eabi/13.3.1/../../../../arm-none-eabi/lib/thumb/v7e-m+fp/hard\libc_nano.a(libc_a-memset.o)
 .debug_frame   0x00001cac       0x2c C:/ST/STM32CubeIDE_1.19.0/STM32CubeIDE/plugins/com.st.stm32cube.ide.mcu.externaltools.gnu-tools-for-stm32.13.3.rel1.win32_1.0.0.202411081344/tools/bin/../lib/gcc/arm-none-eabi/13.3.1/../../../../arm-none-eabi/lib/thumb/v7e-m+fp/hard\libc_nano.a(libc_a-init.o)
 .debug_frame   0x00001cd8       0x2c C:/ST/STM32CubeIDE_1.19.0/STM32CubeIDE/plugins/com.st.stm32cube.ide.mcu.externaltools.gnu-tools-for-stm32.13.3.rel1.win32_1.0.0.202411081344/tools/bin/../lib/gcc/arm-none-eabi/13.3.1/thumb/v7e-m+fp/hard\libgcc.a(_aeabi_uldivmod.o)
 .debug_frame   0x00001d04       0x34 C:/ST/STM32CubeIDE_1.19.0/STM32CubeIDE/plugins/com.st.stm32cube.ide.mcu.externaltools.gnu-tools-for-stm32.13.3.rel1.win32_1.0.0.202411081344/tools/bin/../lib/gcc/arm-none-eabi/13.3.1/thumb/v7e-m+fp/hard\libgcc.a(_udivmoddi4.o)

.debug_line_str
                0x00000000       0x62
 .debug_line_str
                0x00000000       0x62 ./Core/Startup/startup_stm32f412rgtx.o
